******************************************************************************
             TMS320C2000 Linker PC v22.6.0                     
******************************************************************************
>> Linked Sun Feb  5 02:59:33 2023

OUTPUT FILE NAME:   <projectUPS.out>
ENTRY POINT SYMBOL: "code_start"  address: 00080000


MEMORY CONFIGURATION

         name            origin    length      used     unused   attr    fill
----------------------  --------  ---------  --------  --------  ----  --------
  BOOT_RSVD             00000002   000000f3  00000000  000000f3  RWIX
  RAMM0                 000000f5   0000030b  00000000  0000030b  RWIX
  RAMM1                 00000400   00000400  00000200  00000200  RWIX
  RAMLS0LS1             00008000   00001000  00000814  000007ec  RWIX
  RAMLS2LS3LS4LS5       00009000   00001800  00000078  00001788  RWIX
  RAMLS6                0000b000   00000800  00000326  000004da  RWIX
  RAMLS7                0000b800   00000800  00000000  00000800  RWIX
  RAMGS0GS1             0000c000   00002000  00000049  00001fb7  RWIX
  RAMGS2                00010000   00002000  00000000  00002000  RWIX
  RAMGS3                00012000   00002000  00000037  00001fc9  RWIX
  BEGIN                 00080000   00000002  00000002  00000000  RWIX
  FLASH_BANK0_SEC0      00080002   00000ffe  00000000  00000ffe  RWIX
  FLASH_BANK0_SEC1      00081000   00001000  00000000  00001000  RWIX
  FLASH_BANK0_SEC2      00082000   00001000  00000000  00001000  RWIX
  FLASH_BANK0_SEC3      00083000   00001000  00000000  00001000  RWIX
  FLASH_BANK0_SEC4      00084000   00001000  00000000  00001000  RWIX
  FLASH_BANK0_SEC5      00085000   00001000  00000000  00001000  RWIX
  FLASH_BANK0_SEC6      00086000   00001000  00000049  00000fb7  RWIX
  FLASH_BANK0_SEC7      00087000   00001000  00000000  00001000  RWIX
  FLASH_BANK0_SEC8      00088000   00001000  00000000  00001000  RWIX
  FLASH_BANK0_SEC9      00089000   00001000  00000224  00000ddc  RWIX
  FLASH_BANK0_SEC10     0008a000   00001000  00000000  00001000  RWIX
  FLASH_BANK0_SEC11     0008b000   00001000  00000000  00001000  RWIX
  FLASH_BANK0_SEC12     0008c000   00001000  00000000  00001000  RWIX
  FLASH_BANK0_SEC13     0008d000   00001000  00000000  00001000  RWIX
  FLASH_BANK0_SEC14     0008e000   00001000  00000000  00001000  RWIX
  FLASH_BANK0_SEC15     0008f000   00001000  00000000  00001000  RWIX
  FLASH_BANK1_SEC0      00090000   00001000  00000000  00001000  RWIX
  FLASH_BANK1_SEC1_2_3_ 00091000   00004000  00002766  0000189a  RWIX
  FLASH_BANK1_SEC5      00095000   00001000  00000000  00001000  RWIX
  FLASH_BANK1_SEC6      00096000   00001000  00000000  00001000  RWIX
  FLASH_BANK1_SEC7      00097000   00001000  00000000  00001000  RWIX
  FLASH_BANK1_SEC8_9_10 00098000   00003000  00000078  00002f88  RWIX
  FLASH_BANK1_SEC11     0009b000   00001000  00000000  00001000  RWIX
  FLASH_BANK1_SEC12     0009c000   00001000  00000000  00001000  RWIX
  FLASH_BANK1_SEC13     0009d000   00001000  00000000  00001000  RWIX
  FLASH_BANK1_SEC14     0009e000   00001000  00000000  00001000  RWIX
  FLASH_BANK1_SEC15     0009f000   00001000  00000000  00001000  RWIX
  RESET                 003fffc0   00000002  00000000  00000002  RWIX


SECTION ALLOCATION MAP

 output                                  attributes/
section   page    origin      length       input sections
--------  ----  ----------  ----------   ----------------
codestart 
*          0    00080000    00000002     
                  00080000    00000002     f28004x_codestartbranch.obj (codestart)

.cinit     0    00093710    00000058     
                  00093710    00000021     (.cinit..data.load) [load image, compression = lzss]
                  00093731    00000015     (.cinit.controlVariables.load) [load image, compression = lzss]
                  00093746    00000006     (.cinit.debugBuffers2.load) [load image, compression = lzss]
                  0009374c    00000006     (__TI_handler_table)
                  00093752    00000004     (.cinit..bss.load) [load image, compression = zero_init]
                  00093756    00000002     --HOLE-- [fill = 0]
                  00093758    00000010     (__TI_cinit_table)

.reset     0    003fffc0    00000000     DSECT

.stack     0    00000400    00000200     UNINITIALIZED
                  00000400    00000200     --HOLE--

.const_cla 
*          0    00009000    00000000     UNINITIALIZED

Cla1Prog   0    00009000    00000000     UNINITIALIZED

.data      0    00012006    00000031     UNINITIALIZED
                  00012006    00000022     project_main.obj (.data:LCD_DATA)
                  00012028    00000006     rts2800_fpu32_eabi.lib : exit.c.obj (.data)
                  0001202e    00000002                            : _lock.c.obj (.data:_lock)
                  00012030    00000002                            : _lock.c.obj (.data:_unlock)
                  00012032    00000002     lcdDrive.obj (.data)
                  00012034    00000002     project_functions.obj (.data)
                  00012036    00000001     rts2800_fpu32_eabi.lib : errno.c.obj (.data)

.TI.ramfunc 
*          0    00086000    00000049     RUN ADDR = 0000c000
                  00086000    00000045     driverlib_eabi.lib : flash.obj (.TI.ramfunc:Flash_initModule)
                  00086045    00000004                        : sysctl.obj (.TI.ramfunc)

ramfuncs   0    00086049    00000000     UNINITIALIZEDRUN ADDR = 0000c049

isrcodefuncs 
*          0    00098000    00000000     UNINITIALIZEDRUN ADDR = 00009000

dclfuncs   0    00098000    00000078     RUN ADDR = 00009000
                  00098000    00000078     project_main.obj (dclfuncs)

.init_array 
*          0    00089000    00000000     UNINITIALIZED

.const     0    00089000    00000224     
                  00089000    00000101     rts2800_fpu32_eabi.lib : ctype.c.obj (.const:.string:_ctypes_)
                  00089101    00000001     --HOLE-- [fill = 0]
                  00089102    000000bc     project_main.obj (.const:.string)
                  000891be    00000026     rts2800_fpu32_eabi.lib : _printfi.c.obj (.const:.string)
                  000891e4    0000001c                            : _printfi.c.obj (.const)
                  00089200    0000001c                            : s_scalbn.c.obj (.const)
                  0008921c    00000008                            : s_frexp.c.obj (.const)

controlVariables 
*          0    00008000    00000814     UNINITIALIZED
                  00008000    0000080e     project_main.obj (controlVariables:init)
                  0000880e    00000006     project_main.obj (controlVariables:uninit)

debugBuffers2 
*          0    0000b000    00000326     UNINITIALIZED
                  0000b000    00000326     project_main.obj (debugBuffers2:init)

.bss       0    00012000    00000006     UNINITIALIZED
                  00012000    00000004     project_main.obj (.bss)
                  00012004    00000002     lcdDrive.obj (.bss)

.text      0    00091000    0000270e     
                  00091000    000006c2     rts2800_fpu32_eabi.lib : _printfi.c.obj (.text)
                  000916c2    00000614                            : _printfi.c.obj (.text:__TI_printfi)
                  00091cd6    00000520     project_functions.obj (.text)
                  000921f6    0000048d     project_main.obj (.text)
                  00092683    000001bb     device.obj (.text)
                  0009283e    000001b3     project_main.obj (.text:retain)
                  000929f1    00000107     rts2800_fpu32_eabi.lib : ll_div28.asm.obj (.text)
                  00092af8    000000f4     lcdDrive.obj (.text)
                  00092bec    000000e8     driverlib_eabi.lib : dcc.obj (.text:DCC_verifyClockFrequency)
                  00092cd4    000000ba                        : sysctl.obj (.text:SysCtl_isPLLValid)
                  00092d8e    000000b3                        : sysctl.obj (.text:SysCtl_setClock)
                  00092e41    000000a9     rts2800_fpu32_eabi.lib : s_scalbn.c.obj (.text)
                  00092eea    0000009c                            : fd_add28.asm.obj (.text)
                  00092f86    0000008b                            : fd_div28.asm.obj (.text)
                  00093011    00000088                            : fs_div28.asm.obj (.text)
                  00093099    00000083                            : fd_mpy28.asm.obj (.text)
                  0009311c    0000005a                            : s_frexp.c.obj (.text)
                  00093176    00000049     project_functions.obj (.text:_GET_SWITCH_VAL)
                  000931bf    00000041     driverlib_eabi.lib : interrupt.obj (.text:Interrupt_initModule)
                  00093200    0000003f                        : gpio.obj (.text:GPIO_setPadConfig)
                  0009323f    00000034                        : interrupt.obj (.text:Interrupt_enable)
                  00093273    00000032                        : adc.obj (.text:ADC_setVREF)
                  000932a5    00000032     rts2800_fpu32_eabi.lib : sprintf.c.obj (.text)
                  000932d7    00000031                            : atoi.c.obj (.text)
                  00093308    00000030     driverlib_eabi.lib : gpio.obj (.text:GPIO_setPinConfig)
                  00093338    00000030     rts2800_fpu32_eabi.lib : _ltoa.c.obj (.text)
                  00093368    0000002e                            : copy_decompress_lzss.c.obj (.text:decompress:lzss)
                  00093396    0000002d     driverlib_eabi.lib : sysctl.obj (.text:SysCtl_selectOscSource)
                  000933c3    0000002b     rts2800_fpu32_eabi.lib : autoinit.c.obj (.text:__TI_auto_init_nobinit_nopinit)
                  000933ee    0000002a                            : fd_cmp28.asm.obj (.text)
                  00093418    0000002a                            : l_div28.asm.obj (.text)
                  00093442    00000029                            : exit.c.obj (.text)
                  0009346b    00000028     driverlib_eabi.lib : adc.obj (.text:ADC_setPPBTripLimits)
                  00093493    00000028                        : sysctl.obj (.text:SysCtl_selectXTAL)
                  000934bb    00000024     rts2800_fpu32_eabi.lib : s_copysign.c.obj (.text)
                  000934df    00000022     driverlib_eabi.lib : sysctl.obj (.text:SysCtl_pollX1Counter)
                  00093501    00000021     rts2800_fpu32_eabi.lib : fd_toi28.asm.obj (.text)
                  00093522    00000020     driverlib_eabi.lib : gpio.obj (.text:GPIO_setDirectionMode)
                  00093542    0000001f     rts2800_fpu32_eabi.lib : fd_tol28.asm.obj (.text)
                  00093561    0000001e                            : ll_cmp28.asm.obj (.text)
                  0009357f    0000001d                            : i_tofd28.asm.obj (.text)
                  0009359c    0000001d                            : memcpy.c.obj (.text)
                  000935b9    0000001c     driverlib_eabi.lib : sysctl.obj (.text:SysCtl_selectXTALSingleEnded)
                  000935d5    0000001c     rts2800_fpu32_eabi.lib : l_tofd28.asm.obj (.text)
                  000935f1    0000001b     driverlib_eabi.lib : adc.obj (.text:ADC_setOffsetTrimAll)
                  0009360c    00000018     rts2800_fpu32_eabi.lib : ll_aox28.asm.obj (.text)
                  00093624    00000017                            : boot28.asm.obj (.text)
                  0009363b    00000015     driverlib_eabi.lib : interrupt.obj (.text:Interrupt_initVectorTable)
                  00093650    00000013     project_main.obj (.text:lcdDrive_writePin)
                  00093663    00000010     rts2800_fpu32_eabi.lib : memccpy.c.obj (.text)
                  00093673    0000000e                            : fd_sub28.asm.obj (.text)
                  00093681    0000000d                            : copy_zero_init.c.obj (.text:decompress:ZI:__TI_zero_init_nomemset)
                  0009368e    0000000c                            : args_main.c.obj (.text)
                  0009369a    0000000c                            : strchr.c.obj (.text)
                  000936a6    0000000b     project_main.obj (.text:__relaxed_sinf)
                  000936b1    0000000b     rts2800_fpu32_eabi.lib : u_div28.asm.obj (.text)
                  000936bc    0000000b                            : wcslen.c.obj (.text)
                  000936c7    00000009                            : _lock.c.obj (.text)
                  000936d0    00000009                            : fd_neg28.asm.obj (.text)
                  000936d9    00000008                            : copy_decompress_none.c.obj (.text:decompress:none)
                  000936e1    00000008     f28004x_codestartbranch.obj (.text)
                  000936e9    00000008     rts2800_fpu32_eabi.lib : strlen.c.obj (.text)
                  000936f1    00000007                            : memset.c.obj (.text)
                  000936f8    00000006     driverlib_eabi.lib : cputimer.obj (.text:CPUTimer_setEmulationMode)
                  000936fe    00000005     rts2800_fpu32_eabi.lib : strcpy.c.obj (.text)
                  00093703    00000004     driverlib_eabi.lib : interrupt.obj (.text:Interrupt_defaultHandler)
                  00093707    00000002                        : interrupt.obj (.text:Interrupt_illegalOperationHandler)
                  00093709    00000002                        : interrupt.obj (.text:Interrupt_nmiHandler)
                  0009370b    00000002     rts2800_fpu32_eabi.lib : pre_init.c.obj (.text)
                  0009370d    00000001                            : startup.c.obj (.text)

MODULE SUMMARY

       Module                        code    ro data   rw data
       ------                        ----    -------   -------
    .\
       project_main.obj              1870    188       2912   
       project_functions.obj         1385    0         2      
    +--+-----------------------------+-------+---------+---------+
       Total:                        3255    188       2914   
                                                              
    .\device\
       device.obj                    443     0         0      
       f28004x_codestartbranch.obj   10      0         0      
    +--+-----------------------------+-------+---------+---------+
       Total:                        453     0         0      
                                                              
    .\libraries\LcdDrive\
       lcdDrive.obj                  244     0         4      
    +--+-----------------------------+-------+---------+---------+
       Total:                        244     0         4      
                                                              
    D:/SOFTWARES/TI/ccs/tools/compiler/ti-cgt-c2000_22.6.0.LTS/lib/rts2800_fpu32_eabi.lib
       _printfi.c.obj                3286    66        0      
       ll_div28.asm.obj              263     0         0      
       ctype.c.obj                   0       257       0      
       s_scalbn.c.obj                169     28        0      
       fd_add28.asm.obj              156     0         0      
       fd_div28.asm.obj              139     0         0      
       fs_div28.asm.obj              136     0         0      
       fd_mpy28.asm.obj              131     0         0      
       s_frexp.c.obj                 90      8         0      
       sprintf.c.obj                 50      0         0      
       atoi.c.obj                    49      0         0      
       _ltoa.c.obj                   48      0         0      
       exit.c.obj                    41      0         6      
       copy_decompress_lzss.c.obj    46      0         0      
       autoinit.c.obj                43      0         0      
       fd_cmp28.asm.obj              42      0         0      
       l_div28.asm.obj               42      0         0      
       s_copysign.c.obj              36      0         0      
       fd_toi28.asm.obj              33      0         0      
       fd_tol28.asm.obj              31      0         0      
       ll_cmp28.asm.obj              30      0         0      
       i_tofd28.asm.obj              29      0         0      
       memcpy.c.obj                  29      0         0      
       l_tofd28.asm.obj              28      0         0      
       ll_aox28.asm.obj              24      0         0      
       boot28.asm.obj                23      0         0      
       memccpy.c.obj                 16      0         0      
       fd_sub28.asm.obj              14      0         0      
       _lock.c.obj                   9       0         4      
       copy_zero_init.c.obj          13      0         0      
       args_main.c.obj               12      0         0      
       strchr.c.obj                  12      0         0      
       u_div28.asm.obj               11      0         0      
       wcslen.c.obj                  11      0         0      
       fd_neg28.asm.obj              9       0         0      
       copy_decompress_none.c.obj    8       0         0      
       strlen.c.obj                  8       0         0      
       memset.c.obj                  7       0         0      
       strcpy.c.obj                  5       0         0      
       pre_init.c.obj                2       0         0      
       errno.c.obj                   0       0         1      
       startup.c.obj                 1       0         0      
    +--+-----------------------------+-------+---------+---------+
       Total:                        5132    359       11     
                                                              
    D:/WORKSPACE/TI2/projectUPS/device/driverlib/ccs/Release/driverlib_eabi.lib
       sysctl.obj                    520     0         0      
       dcc.obj                       232     0         0      
       interrupt.obj                 146     0         0      
       gpio.obj                      143     0         0      
       flash.obj                     138     0         0      
       adc.obj                       117     0         0      
       cputimer.obj                  6       0         0      
    +--+-----------------------------+-------+---------+---------+
       Total:                        1302    0         0      
                                                              
       Stack:                        0       0         512    
       Linker Generated:             0       86        0      
    +--+-----------------------------+-------+---------+---------+
       Grand Total:                  10386   633       3441   


LINKER GENERATED COPY TABLES

__TI_cinit_table @ 00093758 records: 4, size/record: 4, table size: 16
	.data: load addr=00093710, load size=00000021 bytes, run addr=00012006, run size=00000031 bytes, compression=lzss
	controlVariables: load addr=00093731, load size=00000015 bytes, run addr=00008000, run size=00000814 bytes, compression=lzss
	debugBuffers2: load addr=00093746, load size=00000006 bytes, run addr=0000b000, run size=00000326 bytes, compression=lzss
	.bss: load addr=00093752, load size=00000004 bytes, run addr=00012000, run size=00000006 bytes, compression=zero_init


LINKER GENERATED HANDLER TABLE

__TI_handler_table @ 0009374c records: 3, size/record: 2, table size: 6
	index: 0, handler: __TI_zero_init
	index: 1, handler: __TI_decompress_lzss
	index: 2, handler: __TI_decompress_none


GLOBAL DATA SYMBOLS: SORTED BY DATA PAGE

address     data page           name
--------    ----------------    ----
00000400      10 (00000400)     __stack

00008000     200 (00008000)     halfCycleFlag
00008001     200 (00008000)     sampleCount
00008002     200 (00008000)     adcRes
00008003     200 (00008000)     adcResPrev
00008004     200 (00008000)     adcRes_Iin
00008006     200 (00008000)     invSine
00008008     200 (00008000)     invDutyPU
0000800a     200 (00008000)     invModIndex
0000800c     200 (00008000)     INVMOD_AVG
0000800e     200 (00008000)     ref_peakVal
00008010     200 (00008000)     OFFSET_CONTROL_VAL
00008012     200 (00008000)     OFFSET_ERROR
00008014     200 (00008000)     voltSumPHalf
00008016     200 (00008000)     voltSumNHalf
00008018     200 (00008000)     voltRMSTotalCycle
0000801a     200 (00008000)     voltPeakTotalCycle
0000801c     200 (00008000)     voltAverage
0000801e     200 (00008000)     voltAveragePrev
00008020     200 (00008000)     MAINSADCGAINFACTOR
00008022     200 (00008000)     error
00008024     200 (00008000)     voltVal
00008026     200 (00008000)     voltCompVal
00008028     200 (00008000)     myCtrl
0000803e     200 (00008000)     adcRes_Iin_Buffer

000081ce     207 (000081c0)     mainsVoltage

000084ee     213 (000084c0)     rmsVoltage

0000880e     220 (00008800)     rgen1

0000b000     2c0 (0000b000)     SW_PRESSED_VAL
0000b002     2c0 (0000b000)     sinReading
0000b006     2c0 (0000b000)     referenceVoltage

00012000     480 (00012000)     lcdVal1p000
00012001     480 (00012000)     lcdVal0p100
00012002     480 (00012000)     lcdVal0p010
00012003     480 (00012000)     lcdVal0p001
00012004     480 (00012000)     DataString
00012006     480 (00012000)     LCD_DATA
00012028     480 (00012000)     __TI_enable_exit_profile_output
0001202a     480 (00012000)     __TI_cleanup_ptr
0001202c     480 (00012000)     __TI_dtors_ptr
0001202e     480 (00012000)     _lock
00012030     480 (00012000)     _unlock
00012034     480 (00012000)     previous_State
00012035     480 (00012000)     current_State
00012036     480 (00012000)     errno

00089000    2240 (00089000)     _ctypes_


GLOBAL SYMBOLS: SORTED ALPHABETICALLY BY Name 

page  address   name                           
----  -------   ----                           
0     000935f1  ADC_setOffsetTrimAll           
0     0009346b  ADC_setPPBTripLimits           
0     00093273  ADC_setVREF                    
0     00093442  C$$EXIT                        
0     000936f8  CPUTimer_setEmulationMode      
abs   00000000  Cla1ConstLoadSize              
0     00009000  Cla1ConstLoadStart             
0     00009000  Cla1ConstRunStart              
abs   00000000  Cla1ProgLoadSize               
0     00009000  Cla1ProgLoadStart              
0     00009000  Cla1ProgRunStart               
0     00092bec  DCC_verifyClockFrequency       
0     00012004  DataString                     
0     00092714  Device_enableAllPeripherals    
0     000926e8  Device_init                    
0     000927f4  Device_initGPIO                
0     00092804  Device_verifyXTAL              
0     0000c000  Flash_initModule               
0     00093522  GPIO_setDirectionMode          
0     00093200  GPIO_setPadConfig              
0     00093308  GPIO_setPinConfig              
0     0000800c  INVMOD_AVG                     
0     0009323f  Interrupt_enable               
0     000931bf  Interrupt_initModule           
0     0009363b  Interrupt_initVectorTable      
0     00012006  LCD_DATA                       
0     00008020  MAINSADCGAINFACTOR             
0     00008010  OFFSET_CONTROL_VAL             
0     00008012  OFFSET_ERROR                   
abs   00086049  RamfuncsLoadEnd                
abs   00000049  RamfuncsLoadSize               
abs   00086000  RamfuncsLoadStart              
abs   0000c049  RamfuncsRunEnd                 
abs   00000049  RamfuncsRunSize                
abs   0000c000  RamfuncsRunStart               
0     0000b000  SW_PRESSED_VAL                 
0     0000c045  SysCtl_delay                   
0     00092cd4  SysCtl_isPLLValid              
0     00093396  SysCtl_selectOscSource         
0     00093493  SysCtl_selectXTAL              
0     000935b9  SysCtl_selectXTALSingleEnded   
0     00092d8e  SysCtl_setClock                
0     00093176  _GET_SWITCH_VAL                
0     00093758  __TI_CINIT_Base                
0     00093768  __TI_CINIT_Limit               
0     00093768  __TI_CINIT_Warm                
0     0009374c  __TI_Handler_Table_Base        
0     00093752  __TI_Handler_Table_Limit       
0     00000600  __TI_STACK_END                 
abs   00000200  __TI_STACK_SIZE                
0     000933c3  __TI_auto_init_nobinit_nopinit 
0     0001202a  __TI_cleanup_ptr               
0     00093368  __TI_decompress_lzss           
0     000936d9  __TI_decompress_none           
0     0001202c  __TI_dtors_ptr                 
0     00012028  __TI_enable_exit_profile_output
0     00093338  __TI_ltoa                      
abs   ffffffff  __TI_pprof_out_hndl            
0     00091b51  __TI_printfi                   
abs   ffffffff  __TI_prof_data_size            
abs   ffffffff  __TI_prof_data_start           
0     00093681  __TI_zero_init_nomemset        
0     00092eea  __c28xabi_addd                 
0     0009360c  __c28xabi_andll                
0     000933ee  __c28xabi_cmpd                 
0     00093561  __c28xabi_cmpll                
0     00093573  __c28xabi_cmpull               
0     00092f86  __c28xabi_divd                 
0     00093011  __c28xabi_divf                 
0     00093418  __c28xabi_divl                 
0     000929f1  __c28xabi_divll                
0     000936b1  __c28xabi_divu                 
0     00093435  __c28xabi_divul                
0     00092a67  __c28xabi_divull               
0     00093501  __c28xabi_dtoi                 
0     00093542  __c28xabi_dtol                 
0     0009357f  __c28xabi_itod                 
0     000935d5  __c28xabi_ltod                 
0     00093427  __c28xabi_modl                 
0     00092a2d  __c28xabi_modll                
0     000936b6  __c28xabi_modu                 
0     0009343c  __c28xabi_modul                
0     00092a96  __c28xabi_modull               
0     00093099  __c28xabi_mpyd                 
0     000936d0  __c28xabi_negd                 
0     00093614  __c28xabi_orll                 
0     00093673  __c28xabi_subd                 
0     0009361c  __c28xabi_xorll                
n/a   UNDEFED   __c_args__                     
0     00092837  __error__                      
0     000936a6  __relaxed_sinf                 
0     00000400  __stack                        
0     0009368e  _args_main                     
0     00093624  _c_int00                       
0     00089000  _ctypes_                       
0     0001202e  _lock                          
0     000936cf  _nop                           
0     000936cb  _register_lock                 
0     000936c7  _register_unlock               
0     0009370d  _system_post_cinit             
0     0009370b  _system_pre_init               
0     00012030  _unlock                        
0     00093442  abort                          
0     0009287f  adcISR                         
0     00008002  adcRes                         
0     00008003  adcResPrev                     
0     00008004  adcRes_Iin                     
0     0000803e  adcRes_Iin_Buffer              
0     000932d7  atoi                           
0     00080000  code_start                     
0     000934bb  copysign                       
0     000934bb  copysignl                      
0     00012035  current_State                  
0     000920e8  disablePWMCLKCounting          
0     000920ed  enablePWMCLKCounting           
0     00012036  errno                          
0     00008022  error                          
0     00093444  exit                           
0     0009311c  frexp                          
0     0009311c  frexpl                         
0     00008000  halfCycleFlag                  
0     00008008  invDutyPU                      
0     0000800a  invModIndex                    
0     00008006  invSine                        
0     0009283e  inverterISR                    
abs   00098078  isrcodefuncsLoadEnd            
abs   00000078  isrcodefuncsLoadSize           
abs   00098000  isrcodefuncsLoadStart          
abs   00009078  isrcodefuncsRunEnd             
abs   00000078  isrcodefuncsRunSize            
abs   00009000  isrcodefuncsRunStart           
0     00092bd2  lcdDrive_clearDisplay          
0     00092b14  lcdDrive_initialise            
0     00092ba2  lcdDrive_send4Bits             
0     00092b70  lcdDrive_updateLCD             
0     00092b68  lcdDrive_updateLCD_DATA        
0     00092b47  lcdDrive_writeLCD              
0     00093650  lcdDrive_writePin              
0     00012003  lcdVal0p001                    
0     00012002  lcdVal0p010                    
0     00012001  lcdVal0p100                    
0     00012000  lcdVal1p000                    
0     00092e41  ldexp                          
0     00092e41  ldexpl                         
0     00092536  main                           
0     000081ce  mainsVoltage                   
0     00093663  memccpy                        
0     0009359c  memcpy                         
0     000936f1  memset                         
0     00008028  myCtrl                         
0     00012034  previous_State                 
0     00092bd7  pulse_lcdEN                    
0     0000800e  ref_peakVal                    
0     0000b006  referenceVoltage               
0     0000880e  rgen1                          
0     000084ee  rmsVoltage                     
0     00008001  sampleCount                    
0     00092e41  scalbn                         
0     00092e41  scalbnl                        
0     0009206c  setupADC                       
0     00092009  setupDevice                    
0     000920f2  setupInverterPWM               
0     0000b002  sinReading                     
0     000932a5  sprintf                        
0     0009369a  strchr                         
0     000936fe  strcpy                         
0     000936e9  strlen                         
0     0000801c  voltAverage                    
0     0000801e  voltAveragePrev                
0     00008026  voltCompVal                    
0     0000801a  voltPeakTotalCycle             
0     00008018  voltRMSTotalCycle              
0     00008016  voltSumNHalf                   
0     00008014  voltSumPHalf                   
0     00008024  voltVal                        
0     000936bc  wcslen                         


GLOBAL SYMBOLS: SORTED BY Symbol Address 

page  address   name                           
----  -------   ----                           
0     00000400  __stack                        
0     00000600  __TI_STACK_END                 
0     00008000  halfCycleFlag                  
0     00008001  sampleCount                    
0     00008002  adcRes                         
0     00008003  adcResPrev                     
0     00008004  adcRes_Iin                     
0     00008006  invSine                        
0     00008008  invDutyPU                      
0     0000800a  invModIndex                    
0     0000800c  INVMOD_AVG                     
0     0000800e  ref_peakVal                    
0     00008010  OFFSET_CONTROL_VAL             
0     00008012  OFFSET_ERROR                   
0     00008014  voltSumPHalf                   
0     00008016  voltSumNHalf                   
0     00008018  voltRMSTotalCycle              
0     0000801a  voltPeakTotalCycle             
0     0000801c  voltAverage                    
0     0000801e  voltAveragePrev                
0     00008020  MAINSADCGAINFACTOR             
0     00008022  error                          
0     00008024  voltVal                        
0     00008026  voltCompVal                    
0     00008028  myCtrl                         
0     0000803e  adcRes_Iin_Buffer              
0     000081ce  mainsVoltage                   
0     000084ee  rmsVoltage                     
0     0000880e  rgen1                          
0     00009000  Cla1ConstLoadStart             
0     00009000  Cla1ConstRunStart              
0     00009000  Cla1ProgLoadStart              
0     00009000  Cla1ProgRunStart               
0     0000b000  SW_PRESSED_VAL                 
0     0000b002  sinReading                     
0     0000b006  referenceVoltage               
0     0000c000  Flash_initModule               
0     0000c045  SysCtl_delay                   
0     00012000  lcdVal1p000                    
0     00012001  lcdVal0p100                    
0     00012002  lcdVal0p010                    
0     00012003  lcdVal0p001                    
0     00012004  DataString                     
0     00012006  LCD_DATA                       
0     00012028  __TI_enable_exit_profile_output
0     0001202a  __TI_cleanup_ptr               
0     0001202c  __TI_dtors_ptr                 
0     0001202e  _lock                          
0     00012030  _unlock                        
0     00012034  previous_State                 
0     00012035  current_State                  
0     00012036  errno                          
0     00080000  code_start                     
0     00089000  _ctypes_                       
0     00091b51  __TI_printfi                   
0     00092009  setupDevice                    
0     0009206c  setupADC                       
0     000920e8  disablePWMCLKCounting          
0     000920ed  enablePWMCLKCounting           
0     000920f2  setupInverterPWM               
0     00092536  main                           
0     000926e8  Device_init                    
0     00092714  Device_enableAllPeripherals    
0     000927f4  Device_initGPIO                
0     00092804  Device_verifyXTAL              
0     00092837  __error__                      
0     0009283e  inverterISR                    
0     0009287f  adcISR                         
0     000929f1  __c28xabi_divll                
0     00092a2d  __c28xabi_modll                
0     00092a67  __c28xabi_divull               
0     00092a96  __c28xabi_modull               
0     00092b14  lcdDrive_initialise            
0     00092b47  lcdDrive_writeLCD              
0     00092b68  lcdDrive_updateLCD_DATA        
0     00092b70  lcdDrive_updateLCD             
0     00092ba2  lcdDrive_send4Bits             
0     00092bd2  lcdDrive_clearDisplay          
0     00092bd7  pulse_lcdEN                    
0     00092bec  DCC_verifyClockFrequency       
0     00092cd4  SysCtl_isPLLValid              
0     00092d8e  SysCtl_setClock                
0     00092e41  ldexp                          
0     00092e41  ldexpl                         
0     00092e41  scalbn                         
0     00092e41  scalbnl                        
0     00092eea  __c28xabi_addd                 
0     00092f86  __c28xabi_divd                 
0     00093011  __c28xabi_divf                 
0     00093099  __c28xabi_mpyd                 
0     0009311c  frexp                          
0     0009311c  frexpl                         
0     00093176  _GET_SWITCH_VAL                
0     000931bf  Interrupt_initModule           
0     00093200  GPIO_setPadConfig              
0     0009323f  Interrupt_enable               
0     00093273  ADC_setVREF                    
0     000932a5  sprintf                        
0     000932d7  atoi                           
0     00093308  GPIO_setPinConfig              
0     00093338  __TI_ltoa                      
0     00093368  __TI_decompress_lzss           
0     00093396  SysCtl_selectOscSource         
0     000933c3  __TI_auto_init_nobinit_nopinit 
0     000933ee  __c28xabi_cmpd                 
0     00093418  __c28xabi_divl                 
0     00093427  __c28xabi_modl                 
0     00093435  __c28xabi_divul                
0     0009343c  __c28xabi_modul                
0     00093442  C$$EXIT                        
0     00093442  abort                          
0     00093444  exit                           
0     0009346b  ADC_setPPBTripLimits           
0     00093493  SysCtl_selectXTAL              
0     000934bb  copysign                       
0     000934bb  copysignl                      
0     00093501  __c28xabi_dtoi                 
0     00093522  GPIO_setDirectionMode          
0     00093542  __c28xabi_dtol                 
0     00093561  __c28xabi_cmpll                
0     00093573  __c28xabi_cmpull               
0     0009357f  __c28xabi_itod                 
0     0009359c  memcpy                         
0     000935b9  SysCtl_selectXTALSingleEnded   
0     000935d5  __c28xabi_ltod                 
0     000935f1  ADC_setOffsetTrimAll           
0     0009360c  __c28xabi_andll                
0     00093614  __c28xabi_orll                 
0     0009361c  __c28xabi_xorll                
0     00093624  _c_int00                       
0     0009363b  Interrupt_initVectorTable      
0     00093650  lcdDrive_writePin              
0     00093663  memccpy                        
0     00093673  __c28xabi_subd                 
0     00093681  __TI_zero_init_nomemset        
0     0009368e  _args_main                     
0     0009369a  strchr                         
0     000936a6  __relaxed_sinf                 
0     000936b1  __c28xabi_divu                 
0     000936b6  __c28xabi_modu                 
0     000936bc  wcslen                         
0     000936c7  _register_unlock               
0     000936cb  _register_lock                 
0     000936cf  _nop                           
0     000936d0  __c28xabi_negd                 
0     000936d9  __TI_decompress_none           
0     000936e9  strlen                         
0     000936f1  memset                         
0     000936f8  CPUTimer_setEmulationMode      
0     000936fe  strcpy                         
0     0009370b  _system_pre_init               
0     0009370d  _system_post_cinit             
0     0009374c  __TI_Handler_Table_Base        
0     00093752  __TI_Handler_Table_Limit       
0     00093758  __TI_CINIT_Base                
0     00093768  __TI_CINIT_Limit               
0     00093768  __TI_CINIT_Warm                
abs   00000000  Cla1ConstLoadSize              
abs   00000000  Cla1ProgLoadSize               
abs   00000049  RamfuncsLoadSize               
abs   00000049  RamfuncsRunSize                
abs   00000078  isrcodefuncsLoadSize           
abs   00000078  isrcodefuncsRunSize            
abs   00000200  __TI_STACK_SIZE                
abs   00009000  isrcodefuncsRunStart           
abs   00009078  isrcodefuncsRunEnd             
abs   0000c000  RamfuncsRunStart               
abs   0000c049  RamfuncsRunEnd                 
abs   00086000  RamfuncsLoadStart              
abs   00086049  RamfuncsLoadEnd                
abs   00098000  isrcodefuncsLoadStart          
abs   00098078  isrcodefuncsLoadEnd            
abs   ffffffff  __TI_pprof_out_hndl            
abs   ffffffff  __TI_prof_data_size            
abs   ffffffff  __TI_prof_data_start           
n/a   UNDEFED   __c_args__                     

[176 symbols]
