******************************************************************************
             TMS320C2000 Linker PC v22.6.0                     
******************************************************************************
>> Linked Sat Mar 18 23:34:23 2023

OUTPUT FILE NAME:   <projectUPS.out>
ENTRY POINT SYMBOL: "code_start"  address: 00080000


MEMORY CONFIGURATION

         name            origin    length      used     unused   attr    fill
----------------------  --------  ---------  --------  --------  ----  --------
  BOOT_RSVD             00000002   000000f3  00000000  000000f3  RWIX
  RAMM0                 000000f5   0000030b  00000000  0000030b  RWIX
  RAMM1                 00000400   00000400  00000200  00000200  RWIX
  RAMLS0LS1             00008000   00001000  00000000  00001000  RWIX
  RAMLS2LS3LS4LS5       00009000   00001800  0000002f  000017d1  RWIX
  RAMLS6                0000b000   00000800  000003b5  0000044b  RWIX
  RAMLS7                0000b800   00000800  00000642  000001be  RWIX
  RAMGS0GS1             0000c000   00002000  000000d5  00001f2b  RWIX
  RAMGS2                00010000   00002000  00000020  00001fe0  RWIX
  RAMGS3                00012000   00002000  0000065f  000019a1  RWIX
  BEGIN                 00080000   00000002  00000002  00000000  RWIX
  FLASH_BANK0_SEC0      00080002   00000ffe  00000000  00000ffe  RWIX
  FLASH_BANK0_SEC1      00081000   00001000  00000000  00001000  RWIX
  FLASH_BANK0_SEC2      00082000   00001000  00000000  00001000  RWIX
  FLASH_BANK0_SEC3      00083000   00001000  00000000  00001000  RWIX
  FLASH_BANK0_SEC4      00084000   00001000  00000000  00001000  RWIX
  FLASH_BANK0_SEC5      00085000   00001000  00000000  00001000  RWIX
  FLASH_BANK0_SEC6      00086000   00001000  000000d5  00000f2b  RWIX
  FLASH_BANK0_SEC7      00087000   00001000  00000000  00001000  RWIX
  FLASH_BANK0_SEC8      00088000   00001000  00000000  00001000  RWIX
  FLASH_BANK0_SEC9      00089000   00001000  0000052e  00000ad2  RWIX
  FLASH_BANK0_SEC10     0008a000   00001000  00000000  00001000  RWIX
  FLASH_BANK0_SEC11     0008b000   00001000  00000000  00001000  RWIX
  FLASH_BANK0_SEC12     0008c000   00001000  00000000  00001000  RWIX
  FLASH_BANK0_SEC13     0008d000   00001000  00000000  00001000  RWIX
  FLASH_BANK0_SEC14     0008e000   00001000  00000000  00001000  RWIX
  FLASH_BANK0_SEC15     0008f000   00001000  00000000  00001000  RWIX
  FLASH_BANK1_SEC0      00090000   00001000  00000000  00001000  RWIX
  FLASH_BANK1_SEC1_2_3_ 00091000   00005000  000046e3  0000091d  RWIX
  FLASH_BANK1_SEC6      00096000   00001000  00000000  00001000  RWIX
  FLASH_BANK1_SEC7      00097000   00001000  00000000  00001000  RWIX
  FLASH_BANK1_SEC8_9_10 00098000   00003000  0000002f  00002fd1  RWIX
  FLASH_BANK1_SEC11     0009b000   00001000  00000000  00001000  RWIX
  FLASH_BANK1_SEC12     0009c000   00001000  00000000  00001000  RWIX
  FLASH_BANK1_SEC13     0009d000   00001000  00000000  00001000  RWIX
  FLASH_BANK1_SEC14     0009e000   00001000  00000000  00001000  RWIX
  FLASH_BANK1_SEC15     0009f000   00001000  00000000  00001000  RWIX
  RESET                 003fffc0   00000002  00000000  00000002  RWIX


SECTION ALLOCATION MAP

 output                                  attributes/
section   page    origin      length       input sections
--------  ----  ----------  ----------   ----------------
codestart 
*          0    00080000    00000002     
                  00080000    00000002     f28004x_codestartbranch.obj (codestart)

.cinit     0    0009566c    00000078     
                  0009566c    0000004a     (.cinit..data.load) [load image, compression = lzss]
                  000956b6    00000006     (.cinit.debugBuffers1.load) [load image, compression = lzss]
                  000956bc    00000006     (.cinit.debugBuffers2.load) [load image, compression = lzss]
                  000956c2    00000006     (__TI_handler_table)
                  000956c8    00000004     (.cinit..bss.load) [load image, compression = zero_init]
                  000956cc    00000004     (.cinit.SFRA_F32_Data.load) [load image, compression = zero_init]
                  000956d0    00000014     (__TI_cinit_table)

.reset     0    003fffc0    00000000     DSECT

.stack     0    00000400    00000200     UNINITIALIZED
                  00000400    00000200     --HOLE--

.const_cla 
*          0    00009000    00000000     UNINITIALIZED

Cla1Prog   0    00009000    00000000     UNINITIALIZED

debugBuffers2 
*          0    0000b000    000003b5     UNINITIALIZED
                  0000b000    000003b2     project_main.obj (debugBuffers2:init)
                  0000b3b2    00000002     project_main.obj (debugBuffers2:uninit)
                  0000b3b4    00000001     project_main.obj (debugBuffers2:k$writeToGraph_1)

SFRA_F32_Data 
*          0    00010000    00000020     UNINITIALIZED
                  00010000    00000020     sfra_f32_eabi.lib : sfra_f32_config_reset.obj (SFRA_F32_Data)

.data      0    00012580    00000109     UNINITIALIZED
                  00012580    000000c0     project_main.obj (.data)
                  00012640    00000022     project_main.obj (.data:LCD_DATA)
                  00012662    00000016     project_functions.obj (.data)
                  00012678    00000006     rts2800_fpu32_eabi.lib : exit.c.obj (.data)
                  0001267e    00000004     project_main.obj (.data:_lcdParsedVals)
                  00012682    00000002     rts2800_fpu32_eabi.lib : _lock.c.obj (.data:_lock)
                  00012684    00000002                            : _lock.c.obj (.data:_unlock)
                  00012686    00000002     lcdDrive.obj (.data)
                  00012688    00000001     rts2800_fpu32_eabi.lib : errno.c.obj (.data)

.TI.ramfunc 
*          0    00086000    000000d5     RUN ADDR = 0000c000
                  00086000    000000d1     flash.obj (.TI.ramfunc)
                  000860d1    00000004     sysctl.obj (.TI.ramfunc)

ramfuncs   0    000860d5    00000000     UNINITIALIZEDRUN ADDR = 0000c0d5

isrcodefuncs 
*          0    00098000    00000000     UNINITIALIZEDRUN ADDR = 00009000

dclfuncs   0    00098000    0000002f     RUN ADDR = 00009000
                  00098000    0000002f     DCL_DF22_C1.obj (dclfuncs)

.init_array 
*          0    00089000    00000000     UNINITIALIZED

.const     0    00089000    0000052e     
                  00089000    00000236     project_main.obj (.const:.string)
                  00089236    00000190     project_main.obj (.const:_sineLTable)
                  000893c6    00000101     rts2800_fpu32_eabi.lib : ctype.c.obj (.const:.string:_ctypes_)
                  000894c7    00000001     --HOLE-- [fill = 0]
                  000894c8    00000026                            : _printfi.c.obj (.const:.string)
                  000894ee    0000001c                            : _printfi.c.obj (.const)
                  0008950a    0000001c                            : s_scalbn.c.obj (.const)
                  00089526    00000008                            : s_frexp.c.obj (.const)

debugBuffers1 
*          0    0000b800    00000642     UNINITIALIZED
                  0000b800    00000642     project_main.obj (debugBuffers1)

.bss       0    00012000    00000556     UNINITIALIZED
                  00012000    00000100     project_main.obj (.bss)
                  00012100    00000078     project_main.obj (.bss:clMagVect)
                  00012178    00000078     project_main.obj (.bss:clPhaseVect)
                  000121f0    00000078     project_main.obj (.bss:freqVect)
                  00012268    00000078     project_main.obj (.bss:olMagVect)
                  000122e0    00000078     project_main.obj (.bss:olPhaseVect)
                  00012358    00000078     project_main.obj (.bss:plantMagVect)
                  000123d0    00000078     project_main.obj (.bss:plantPhaseVect)
                  00012448    00000022     sfra_gui_scicomms_driverlib.obj (.bss)
                  0001246a    00000020     sfra_gui_scicomms_driverlib.obj (.bss:SFRA_GUI_arrayGetList)
                  0001248a    00000020     sfra_gui_scicomms_driverlib.obj (.bss:SFRA_GUI_cmdDispatcher)
                  000124aa    00000020     sfra_gui_scicomms_driverlib.obj (.bss:SFRA_GUI_dataSetList)
                  000124ca    00000020     sfra_gui_scicomms_driverlib.obj (.bss:SFRA_GUI_varGetList)
                  000124ea    00000020     sfra_gui_scicomms_driverlib.obj (.bss:SFRA_GUI_varSetBtnList)
                  0001250a    00000020     sfra_gui_scicomms_driverlib.obj (.bss:SFRA_GUI_varSetSldrList)
                  0001252a    00000020     sfra_gui_scicomms_driverlib.obj (.bss:SFRA_GUI_varSetTxtList)
                  0001254a    00000006     sfra_gui_scicomms_driverlib.obj (.bss:SFRA_GUI_cmdPacket)
                  00012550    00000003     project_functions.obj (.bss)
                  00012553    00000001     --HOLE--
                  00012554    00000002     lcdDrive.obj (.bss)

.text      0    00091000    0000466b     
                  00091000    00001210     project_main.obj (.text)
                  00092210    000006c2     rts2800_fpu32_eabi.lib : _printfi.c.obj (.text)
                  000928d2    0000068d     project_functions.obj (.text)
                  00092f5f    00000614     rts2800_fpu32_eabi.lib : _printfi.c.obj (.text:__TI_printfi)
                  00093573    0000044f     sfra_gui_scicomms_driverlib.obj (.text)
                  000939c2    000003d1     sysctl.obj (.text)
                  00093d93    00000353     dcc.obj (.text)
                  000940e6    00000223     sci.obj (.text)
                  00094309    000001eb     gpio.obj (.text)
                  000944f4    000001bc     sfra_f32_eabi.lib : sfra_f32_config_reset.obj (.text)
                  000946b0    000001bb     device.obj (.text)
                  0009486b    00000185     interrupt.obj (.text)
                  000949f0    0000014f     project_main.obj (.text:retain)
                  00094b3f    00000130     adc.obj (.text)
                  00094c6f    00000107     rts2800_fpu32_eabi.lib : ll_div28.asm.obj (.text)
                  00094d76    000000f4     lcdDrive.obj (.text)
                  00094e6a    000000a9     project_functions.obj (.text:_GET_SWITCH_VAL)
                  00094f13    000000a9     rts2800_fpu32_eabi.lib : s_scalbn.c.obj (.text)
                  00094fbc    0000009c                            : fd_add28.asm.obj (.text)
                  00095058    0000008b                            : fd_div28.asm.obj (.text)
                  000950e3    00000088                            : fs_div28.asm.obj (.text)
                  0009516b    00000083                            : fd_mpy28.asm.obj (.text)
                  000951ee    00000064     sfra_f32_eabi.lib : sfra_f32_collect.obj (.text)
                  00095252    00000062     rts2800_fpu32_eabi.lib : s_tanf.c.obj (.text)
                  000952b4    0000005a                            : s_frexp.c.obj (.text)
                  0009530e    00000032                            : sprintf.c.obj (.text)
                  00095340    00000031                            : atoi.c.obj (.text)
                  00095371    00000030                            : _ltoa.c.obj (.text)
                  000953a1    0000002e                            : copy_decompress_lzss.c.obj (.text:decompress:lzss)
                  000953cf    0000002b                            : autoinit.c.obj (.text:__TI_auto_init_nobinit_nopinit)
                  000953fa    0000002a                            : fd_cmp28.asm.obj (.text)
                  00095424    0000002a                            : l_div28.asm.obj (.text)
                  0009544e    0000002a     project_main.obj (.text:writeToGraph)
                  00095478    00000029     rts2800_fpu32_eabi.lib : exit.c.obj (.text)
                  000954a1    00000024                            : s_copysign.c.obj (.text)
                  000954c5    00000021                            : fd_toi28.asm.obj (.text)
                  000954e6    0000001f                            : fd_tol28.asm.obj (.text)
                  00095505    0000001e                            : ll_cmp28.asm.obj (.text)
                  00095523    0000001d                            : i_tofd28.asm.obj (.text)
                  00095540    0000001d                            : memcpy.c.obj (.text)
                  0009555d    0000001c                            : l_tofd28.asm.obj (.text)
                  00095579    00000018                            : ll_aox28.asm.obj (.text)
                  00095591    00000017                            : boot28.asm.obj (.text)
                  000955a8    00000013     project_main.obj (.text:lcdDrive_writePin)
                  000955bb    00000010     project_main.obj (.text:_safetyCutoff)
                  000955cb    00000010     rts2800_fpu32_eabi.lib : memccpy.c.obj (.text)
                  000955db    0000000e                            : fd_sub28.asm.obj (.text)
                  000955e9    0000000d     project_main.obj (.text:SINE_MEASUREMENT_reset)
                  000955f6    0000000c     rts2800_fpu32_eabi.lib : args_main.c.obj (.text)
                  00095602    0000000c                            : strchr.c.obj (.text)
                  0009560e    0000000b                            : wcslen.c.obj (.text)
                  00095619    0000000a     cputimer.obj (.text)
                  00095623    00000009     project_main.obj (.text:__relaxed_sqrtf)
                  0009562c    00000009     rts2800_fpu32_eabi.lib : _lock.c.obj (.text)
                  00095635    00000009                            : fd_neg28.asm.obj (.text)
                  0009563e    00000008                            : copy_decompress_none.c.obj (.text:decompress:none)
                  00095646    00000008     f28004x_codestartbranch.obj (.text)
                  0009564e    00000008     rts2800_fpu32_eabi.lib : strlen.c.obj (.text)
                  00095656    00000007                            : memset.c.obj (.text)
                  0009565d    00000006                            : copy_zero_init.c.obj (.text:decompress:ZI)
                  00095663    00000005                            : strcpy.c.obj (.text)
                  00095668    00000002                            : pre_init.c.obj (.text)
                  0009566a    00000001                            : startup.c.obj (.text)

MODULE SUMMARY

       Module                            code    ro data   rw data
       ------                            ----    -------   -------
    .\
       project_main.obj                  5058    966       3877   
       project_functions.obj             1846    0         25     
    +--+---------------------------------+-------+---------+---------+
       Total:                            6904    966       3902   
                                                                  
    .\device\
       device.obj                        443     0         0      
       f28004x_codestartbranch.obj       10      0         0      
    +--+---------------------------------+-------+---------+---------+
       Total:                            453     0         0      
                                                                  
    .\device\driverlib\
       sysctl.obj                        985     0         0      
       dcc.obj                           851     0         0      
       sci.obj                           547     0         0      
       gpio.obj                          491     0         0      
       flash.obj                         418     0         0      
       interrupt.obj                     389     0         0      
       adc.obj                           304     0         0      
       cputimer.obj                      10      0         0      
    +--+---------------------------------+-------+---------+---------+
       Total:                            3995    0         0      
                                                                  
    .\libraries\DCL\source\
       DCL_DF22_C1.obj                   94      0         0      
    +--+---------------------------------+-------+---------+---------+
       Total:                            94      0         0      
                                                                  
    .\libraries\LcdDrive\
       lcdDrive.obj                      244     0         4      
    +--+---------------------------------+-------+---------+---------+
       Total:                            244     0         4      
                                                                  
    .\libraries\sfra\
       sfra_gui_scicomms_driverlib.obj   1103    0         264    
    +--+---------------------------------+-------+---------+---------+
       Total:                            1103    0         264    
                                                                  
    ../libraries/sfra/sfra_f32_eabi.lib
       sfra_f32_config_reset.obj         444     0         32     
       sfra_f32_collect.obj              100     0         0      
    +--+---------------------------------+-------+---------+---------+
       Total:                            544     0         32     
                                                                  
    D:/SOFTWARES/TI/ccs/tools/compiler/ti-cgt-c2000_22.6.0.LTS/lib/rts2800_fpu32_eabi.lib
       _printfi.c.obj                    3286    66        0      
       ll_div28.asm.obj                  263     0         0      
       ctype.c.obj                       0       257       0      
       s_scalbn.c.obj                    169     28        0      
       fd_add28.asm.obj                  156     0         0      
       fd_div28.asm.obj                  139     0         0      
       fs_div28.asm.obj                  136     0         0      
       fd_mpy28.asm.obj                  131     0         0      
       s_frexp.c.obj                     90      8         0      
       s_tanf.c.obj                      98      0         0      
       sprintf.c.obj                     50      0         0      
       atoi.c.obj                        49      0         0      
       _ltoa.c.obj                       48      0         0      
       exit.c.obj                        41      0         6      
       copy_decompress_lzss.c.obj        46      0         0      
       autoinit.c.obj                    43      0         0      
       fd_cmp28.asm.obj                  42      0         0      
       l_div28.asm.obj                   42      0         0      
       s_copysign.c.obj                  36      0         0      
       fd_toi28.asm.obj                  33      0         0      
       fd_tol28.asm.obj                  31      0         0      
       ll_cmp28.asm.obj                  30      0         0      
       i_tofd28.asm.obj                  29      0         0      
       memcpy.c.obj                      29      0         0      
       l_tofd28.asm.obj                  28      0         0      
       ll_aox28.asm.obj                  24      0         0      
       boot28.asm.obj                    23      0         0      
       memccpy.c.obj                     16      0         0      
       fd_sub28.asm.obj                  14      0         0      
       _lock.c.obj                       9       0         4      
       args_main.c.obj                   12      0         0      
       strchr.c.obj                      12      0         0      
       wcslen.c.obj                      11      0         0      
       fd_neg28.asm.obj                  9       0         0      
       copy_decompress_none.c.obj        8       0         0      
       strlen.c.obj                      8       0         0      
       memset.c.obj                      7       0         0      
       copy_zero_init.c.obj              6       0         0      
       strcpy.c.obj                      5       0         0      
       pre_init.c.obj                    2       0         0      
       errno.c.obj                       0       0         1      
       startup.c.obj                     1       0         0      
    +--+---------------------------------+-------+---------+---------+
       Total:                            5212    359       11     
                                                                  
       Stack:                            0       0         512    
       Linker Generated:                 0       120       0      
    +--+---------------------------------+-------+---------+---------+
       Grand Total:                      18549   1445      4725   


LINKER GENERATED COPY TABLES

__TI_cinit_table @ 000956d0 records: 5, size/record: 4, table size: 20
	.data: load addr=0009566c, load size=0000004a bytes, run addr=00012580, run size=00000109 bytes, compression=lzss
	debugBuffers1: load addr=000956b6, load size=00000006 bytes, run addr=0000b800, run size=00000642 bytes, compression=lzss
	debugBuffers2: load addr=000956bc, load size=00000006 bytes, run addr=0000b000, run size=000003b5 bytes, compression=lzss
	.bss: load addr=000956c8, load size=00000004 bytes, run addr=00012000, run size=00000556 bytes, compression=zero_init
	SFRA_F32_Data: load addr=000956cc, load size=00000004 bytes, run addr=00010000, run size=00000020 bytes, compression=zero_init


LINKER GENERATED HANDLER TABLE

__TI_handler_table @ 000956c2 records: 3, size/record: 2, table size: 6
	index: 0, handler: __TI_zero_init
	index: 1, handler: __TI_decompress_lzss
	index: 2, handler: __TI_decompress_none


GLOBAL DATA SYMBOLS: SORTED BY DATA PAGE

address     data page           name
--------    ----------------    ----
00000400      10 (00000400)     __stack

0000b006     2c0 (0000b000)     ival
0000b008     2c0 (0000b000)     softStartModIndex

0000b092     2c2 (0000b080)     graph_3

0000b3b2     2ce (0000b380)     STATE_PTR
0000b3b4     2ce (0000b380)     k$writeToGraph_1

0000b800     2e0 (0000b800)     _Kval
0000b802     2e0 (0000b800)     graph_1

0000bb22     2ec (0000bb00)     graph_2

00010000     400 (00010000)     _SFRA_F32_state
00010001     400 (00010000)     _SFRA_F32_stateSlew
00010002     400 (00010000)     _SFRA_F32_rSinSum
00010004     400 (00010000)     _SFRA_F32_rCosSum
00010006     400 (00010000)     _SFRA_F32_uSinSum
00010008     400 (00010000)     _SFRA_F32_uCosSum
0001000a     400 (00010000)     _SFRA_F32_ySinSum
0001000c     400 (00010000)     _SFRA_F32_yCosSum
0001000e     400 (00010000)     _SFRA_F32_tableptr
00010010     400 (00010000)     _SFRA_F32_tableptrStart
00010012     400 (00010000)     _SFRA_F32_reference
00010014     400 (00010000)     _SFRA_F32_amplitude
00010016     400 (00010000)     _SFRA_F32_step
00010018     400 (00010000)     _SFRA_F32_pointer
0001001a     400 (00010000)     _SFRA_F32_preCount
0001001c     400 (00010000)     _SFRA_F32_count
0001001e     400 (00010000)     _SFRA_F32_windowSamples

00012000     480 (00012000)     PR_ControlVal
00012002     480 (00012000)     B0
00012004     480 (00012000)     B1
00012006     480 (00012000)     B2
00012008     480 (00012000)     B3
0001200a     480 (00012000)     A1
0001200c     480 (00012000)     A2
0001200e     480 (00012000)     A3
00012010     480 (00012000)     FLG
00012016     480 (00012000)     PR_0_Vals
0001201e     480 (00012000)     PR_3_Vals
00012026     480 (00012000)     PR_5_Vals
0001202e     480 (00012000)     PR_7_Vals

00012040     481 (00012040)     obj_invInst_V
00012056     481 (00012040)     obj_invLoad_I

00012080     482 (00012080)     sfra1

000120c0     483 (000120c0)     obj_mains_chgr_V_I

00012100     484 (00012100)     clMagVect

00012178     485 (00012140)     clPhaseVect

000121f0     487 (000121c0)     freqVect

00012268     489 (00012240)     olMagVect

000122e0     48b (000122c0)     olPhaseVect

00012358     48d (00012340)     plantMagVect

000123d0     48f (000123c0)     plantPhaseVect

00012448     491 (00012440)     SFRA_GUI_commsOKflg
00012449     491 (00012440)     SFRA_GUI_serialCommsTimer
0001244a     491 (00012440)     SFRA_GUI_lowByteFlag
0001244b     491 (00012440)     SFRA_GUI_sendTaskPtr
0001244c     491 (00012440)     SFRA_GUI_rxChar
0001244d     491 (00012440)     SFRA_GUI_rxWord
0001244e     491 (00012440)     SFRA_GUI_taskDoneFlag
0001244f     491 (00012440)     SFRA_GUI_numWords
00012450     491 (00012440)     SFRA_GUI_wordsLeftToGet
00012451     491 (00012440)     SFRA_GUI_dataOut16
00012452     491 (00012440)     SFRA_GUI_rcvTskPtrShdw
00012453     491 (00012440)     SFRA_GUI_delayer
00012454     491 (00012440)     SFRA_GUI_memGetPtr
00012455     491 (00012440)     SFRA_GUI_memGetAmount
00012456     491 (00012440)     SFRA_GUI_memSetPtr
00012457     491 (00012440)     SFRA_GUI_led_flag
00012458     491 (00012440)     SFRA_GUI_led_gpio
00012459     491 (00012440)     SFRA_GUI_sweep_start
0001245a     491 (00012440)     SFRA_GUI_rcvTaskPointer
0001245c     491 (00012440)     SFRA_GUI_sci_base_addr
0001245e     491 (00012440)     SFRA_GUI_dataOut32
00012460     491 (00012440)     SFRA_GUI_memDataPtr16
00012462     491 (00012440)     SFRA_GUI_memDataPtr32
00012464     491 (00012440)     SFRA_GUI_memGetAddress
00012466     491 (00012440)     SFRA_GUI_memSetValue
00012468     491 (00012440)     SFRA_GUI_temp
0001246a     491 (00012440)     SFRA_GUI_arrayGetList

0001248a     492 (00012480)     SFRA_GUI_cmdDispatcher
000124aa     492 (00012480)     SFRA_GUI_dataSetList

000124ca     493 (000124c0)     SFRA_GUI_varGetList
000124ea     493 (000124c0)     SFRA_GUI_varSetBtnList

0001250a     494 (00012500)     SFRA_GUI_varSetSldrList
0001252a     494 (00012500)     SFRA_GUI_varSetTxtList

0001254a     495 (00012540)     SFRA_GUI_cmdPacket
00012554     495 (00012540)     DataString

00012580     496 (00012580)     INV_CORRECTION_LIM
00012581     496 (00012580)     _sineLTCounter
00012582     496 (00012580)     SW_PRESSED_VAL
00012583     496 (00012580)     resetPR
00012584     496 (00012580)     INVVo_SCALEFACTOR
00012586     496 (00012580)     INVVbus_SCALEFACTOR
00012588     496 (00012580)     invSine
0001258a     496 (00012580)     invDutyPU
0001258c     496 (00012580)     invInst_V
0001258e     496 (00012580)     mainsInst_V
00012590     496 (00012580)     invLoad_I
00012592     496 (00012580)     battBus_V
00012594     496 (00012580)     battChrg_I
00012596     496 (00012580)     BATT_CHGR_MAX_I
00012598     496 (00012580)     BATT_CHGR_MIN_I
0001259a     496 (00012580)     BATT_CHGR_MAX_V
0001259c     496 (00012580)     BATT_CHGR_PWM_VAL_INST
0001259e     496 (00012580)     errorInstant
000125a0     496 (00012580)     pr_temp
000125a2     496 (00012580)     totalControlVal
000125a4     496 (00012580)     controllerGain
000125a6     496 (00012580)     PR_0

000125c0     497 (000125c0)     PR_3
000125d2     497 (000125c0)     PR_5
000125e4     497 (000125c0)     PR_7

00012600     498 (00012600)     DF_0
00012612     498 (00012600)     CHGR_PI
00012628     498 (00012600)     DF_23_ctrl

00012640     499 (00012640)     LCD_DATA
00012672     499 (00012640)     ADC_BASIC_SCALEFACTOR
00012674     499 (00012640)     correctionValue
00012676     499 (00012640)     currentSensorGain
00012678     499 (00012640)     __TI_enable_exit_profile_output
0001267a     499 (00012640)     __TI_cleanup_ptr
0001267c     499 (00012640)     __TI_dtors_ptr
0001267e     499 (00012640)     _lcdParsedVals

00012682     49a (00012680)     _lock
00012684     49a (00012680)     _unlock
00012688     49a (00012680)     errno

00089236    2248 (00089200)     _sineLTable

000893c6    224f (000893c0)     _ctypes_


GLOBAL SYMBOLS: SORTED ALPHABETICALLY BY Name 

page  address   name                              
----  -------   ----                              
0     0001200a  A1                                
0     0001200c  A2                                
0     0001200e  A3                                
0     00012672  ADC_BASIC_SCALEFACTOR             
0     00094b82  ADC_setINLTrim                    
0     00094bc8  ADC_setOffsetTrim                 
0     00094c15  ADC_setOffsetTrimAll              
0     00094c3d  ADC_setPPBTripLimits              
0     00094b3f  ADC_setVREF                       
0     00012002  B0                                
0     00012004  B1                                
0     00012006  B2                                
0     00012008  B3                                
0     00012596  BATT_CHGR_MAX_I                   
0     0001259a  BATT_CHGR_MAX_V                   
0     00012598  BATT_CHGR_MIN_I                   
0     0001259c  BATT_CHGR_PWM_VAL_INST            
0     00095478  C$$EXIT                           
0     00012612  CHGR_PI                           
0     00095619  CPUTimer_setEmulationMode         
abs   00000000  Cla1ConstLoadSize                 
0     00009000  Cla1ConstLoadStart                
0     00009000  Cla1ConstRunStart                 
abs   00000000  Cla1ProgLoadSize                  
0     00009000  Cla1ProgLoadStart                 
0     00009000  Cla1ProgRunStart                  
0     0009402c  DCC_continuousMonitor             
0     00093e94  DCC_getRevisionNumber             
0     00093f7b  DCC_measureClockFrequency         
0     00093ea8  DCC_verifyClockFrequency          
0     00009000  DCL_runDF22_C1                    
0     00012600  DF_0                              
0     00012628  DF_23_ctrl                        
0     00012554  DataString                        
0     00094741  Device_enableAllPeripherals       
0     00094715  Device_init                       
0     00094821  Device_initGPIO                   
0     00094831  Device_verifyXTAL                 
0     00091a83  FAULT_MODE_STATE                  
0     00091d9a  FILTER_SAMPLE                     
0     00091dcc  FILTER_SAMPLE2                    
0     00012010  FLG                               
0     0000c088  Flash_initModule                  
0     0000c0b0  Flash_powerDown                   
0     0000c0c0  Flash_wakeFromLPM                 
0     0009433d  GPIO_getDirectionMode             
0     000943c6  GPIO_getPadConfig                 
0     00094426  GPIO_getQualificationMode         
0     00094495  GPIO_setAnalogMode                
0     00094316  GPIO_setDirectionMode             
0     00094353  GPIO_setInterruptPin              
0     00094469  GPIO_setMasterCore                
0     0009437e  GPIO_setPadConfig                 
0     000944bd  GPIO_setPinConfig                 
0     000943fa  GPIO_setQualificationMode         
0     00094447  GPIO_setQualificationPeriod       
0     00012586  INVVbus_SCALEFACTOR               
0     00012584  INVVo_SCALEFACTOR                 
0     00012580  INV_CORRECTION_LIM                
0     0009192f  INV_MODE_STATE                    
0     000918a7  INV_MODE_TRANSITION_STATE         
0     000949a2  Interrupt_disable                 
0     0009496b  Interrupt_enable                  
0     00094910  Interrupt_initModule              
0     0009494d  Interrupt_initVectorTable         
0     00012640  LCD_DATA                          
0     00091a53  MAINS_MODE_STATE                  
0     00091a30  MAINS_MODE_TRANSITION_STATE       
0     000125a6  PR_0                              
0     00012016  PR_0_Vals                         
0     000125c0  PR_3                              
0     0001201e  PR_3_Vals                         
0     000125d2  PR_5                              
0     00012026  PR_5_Vals                         
0     000125e4  PR_7                              
0     0001202e  PR_7_Vals                         
0     00012000  PR_ControlVal                     
abs   000860d5  RamfuncsLoadEnd                   
abs   000000d5  RamfuncsLoadSize                  
abs   00086000  RamfuncsLoadStart                 
abs   0000c0d5  RamfuncsRunEnd                    
abs   000000d5  RamfuncsRunSize                   
abs   0000c000  RamfuncsRunStart                  
0     0009429a  SCI_clearInterruptStatus          
0     0009421c  SCI_disableInterrupt              
0     000941e1  SCI_enableInterrupt               
0     00094257  SCI_getInterruptStatus            
0     000941b0  SCI_readCharArray                 
0     000942d5  SCI_setBaud                       
0     00094155  SCI_setConfig                     
0     00094300  SCI_setWakeFlag                   
0     00094179  SCI_writeCharArray                
0     0009465a  SFRA_F32_config                   
0     00094630  SFRA_F32_initFreqArrayWithLogSteps
0     00094605  SFRA_F32_reset                    
0     000944fc  SFRA_F32_resetFreqRespArray       
0     000944f4  SFRA_F32_updateInjectionAmplitude 
0     0001246a  SFRA_GUI_arrayGetList             
0     0001248a  SFRA_GUI_cmdDispatcher            
0     00093806  SFRA_GUI_cmdInterpreter           
0     0001254a  SFRA_GUI_cmdPacket                
0     00012448  SFRA_GUI_commsOKflg               
0     0009361f  SFRA_GUI_config                   
0     00012451  SFRA_GUI_dataOut16                
0     0001245e  SFRA_GUI_dataOut32                
0     000124aa  SFRA_GUI_dataSetList              
0     00012453  SFRA_GUI_delayer                  
0     00093779  SFRA_GUI_echoCmdByte              
0     000937d9  SFRA_GUI_echoDataByte             
0     000937a9  SFRA_GUI_echoSizeByte             
0     00093898  SFRA_GUI_getArray                 
0     00093745  SFRA_GUI_getCmdByte               
0     0009389b  SFRA_GUI_getData                  
0     000937bf  SFRA_GUI_getDataByte              
0     0009378f  SFRA_GUI_getSizeByte              
0     00093895  SFRA_GUI_getVariable              
0     00012457  SFRA_GUI_led_flag                 
0     00012458  SFRA_GUI_led_gpio                 
0     00093826  SFRA_GUI_lifePulseTsk             
0     0001244a  SFRA_GUI_lowByteFlag              
0     00012460  SFRA_GUI_memDataPtr16             
0     00012462  SFRA_GUI_memDataPtr32             
0     00012464  SFRA_GUI_memGetAddress            
0     00012455  SFRA_GUI_memGetAmount             
0     00012454  SFRA_GUI_memGetPtr                
0     00012456  SFRA_GUI_memSetPtr                
0     00012466  SFRA_GUI_memSetValue              
0     0001244f  SFRA_GUI_numWords                 
0     000937e8  SFRA_GUI_packWord                 
0     0001245a  SFRA_GUI_rcvTaskPointer           
0     00012452  SFRA_GUI_rcvTskPtrShdw            
0     00093731  SFRA_GUI_runSerialHostComms       
0     0001244c  SFRA_GUI_rxChar                   
0     0001244d  SFRA_GUI_rxWord                   
0     0001245c  SFRA_GUI_sci_base_addr            
0     000938fe  SFRA_GUI_sendData                 
0     0001244b  SFRA_GUI_sendTaskPtr              
0     00012449  SFRA_GUI_serialCommsTimer         
0     0009386f  SFRA_GUI_setButton                
0     000938ca  SFRA_GUI_setData32                
0     00093882  SFRA_GUI_setSlider                
0     0009385c  SFRA_GUI_setText                  
0     000938f9  SFRA_GUI_spareTsk08               
0     00012459  SFRA_GUI_sweep_start              
0     0001244e  SFRA_GUI_taskDoneFlag             
0     00012468  SFRA_GUI_temp                     
0     000124ca  SFRA_GUI_varGetList               
0     000124ea  SFRA_GUI_varSetBtnList            
0     0001250a  SFRA_GUI_varSetSldrList           
0     0001252a  SFRA_GUI_varSetTxtList            
0     00012450  SFRA_GUI_wordsLeftToGet           
0     00091bef  SINE_MEASUREMENT_computeValues    
0     000955e9  SINE_MEASUREMENT_reset            
0     00091861  STARTUP_STATE                     
0     0000b3b2  STATE_PTR                         
0     00012582  SW_PRESSED_VAL                    
0     00091847  SYSTEM_OFF_STATE                  
0     0000c0d1  SysCtl_delay                      
0     00093ad7  SysCtl_getClock                   
0     00093c7b  SysCtl_getDeviceParametric        
0     00093c61  SysCtl_getLowSpeedClock           
0     00093cd6  SysCtl_isPLLValid                 
0     00093c2f  SysCtl_selectOscSource            
0     00093bf1  SysCtl_selectXTAL                 
0     00093c15  SysCtl_selectXTALSingleEnded      
0     00093b35  SysCtl_setClock                   
0     00091cc4  TEMP_computeDF22_PRcontrollerCoeff
0     00094e6a  _GET_SWITCH_VAL                   
0     0000b800  _Kval                             
0     00010014  _SFRA_F32_amplitude               
0     0001001c  _SFRA_F32_count                   
0     00010018  _SFRA_F32_pointer                 
0     0001001a  _SFRA_F32_preCount                
0     00010004  _SFRA_F32_rCosSum                 
0     00010002  _SFRA_F32_rSinSum                 
0     00010012  _SFRA_F32_reference               
0     00010000  _SFRA_F32_state                   
0     00010001  _SFRA_F32_stateSlew               
0     00010016  _SFRA_F32_step                    
0     0001000e  _SFRA_F32_tableptr                
0     00010010  _SFRA_F32_tableptrStart           
0     00010008  _SFRA_F32_uCosSum                 
0     00010006  _SFRA_F32_uSinSum                 
0     0001001e  _SFRA_F32_windowSamples           
0     0001000c  _SFRA_F32_yCosSum                 
0     0001000a  _SFRA_F32_ySinSum                 
0     000951ee  __SFRA_F32_collect                
0     000956d0  __TI_CINIT_Base                   
0     000956e4  __TI_CINIT_Limit                  
0     000956e4  __TI_CINIT_Warm                   
0     000956c2  __TI_Handler_Table_Base           
0     000956c8  __TI_Handler_Table_Limit          
0     00000600  __TI_STACK_END                    
abs   00000200  __TI_STACK_SIZE                   
0     000953cf  __TI_auto_init_nobinit_nopinit    
0     0001267a  __TI_cleanup_ptr                  
0     000953a1  __TI_decompress_lzss              
0     0009563e  __TI_decompress_none              
0     0001267c  __TI_dtors_ptr                    
0     00012678  __TI_enable_exit_profile_output   
0     00095371  __TI_ltoa                         
abs   ffffffff  __TI_pprof_out_hndl               
0     000933ee  __TI_printfi                      
abs   ffffffff  __TI_prof_data_size               
abs   ffffffff  __TI_prof_data_start              
0     0009565d  __TI_zero_init                    
0     00094fbc  __c28xabi_addd                    
0     00095579  __c28xabi_andll                   
0     000953fa  __c28xabi_cmpd                    
0     00095505  __c28xabi_cmpll                   
0     00095517  __c28xabi_cmpull                  
0     00095058  __c28xabi_divd                    
0     000950e3  __c28xabi_divf                    
0     00095424  __c28xabi_divl                    
0     00094c6f  __c28xabi_divll                   
0     00095441  __c28xabi_divul                   
0     00094ce5  __c28xabi_divull                  
0     000954c5  __c28xabi_dtoi                    
0     000954e6  __c28xabi_dtol                    
0     00095523  __c28xabi_itod                    
0     0009555d  __c28xabi_ltod                    
0     00095433  __c28xabi_modl                    
0     00094cab  __c28xabi_modll                   
0     00095448  __c28xabi_modul                   
0     00094d14  __c28xabi_modull                  
0     0009516b  __c28xabi_mpyd                    
0     00095635  __c28xabi_negd                    
0     00095581  __c28xabi_orll                    
0     000955db  __c28xabi_subd                    
0     00095589  __c28xabi_xorll                   
n/a   UNDEFED   __c_args__                        
0     00094864  __error__                         
0     00095623  __relaxed_sqrtf                   
0     00000400  __stack                           
0     000955f6  _args_main                        
0     00095591  _c_int00                          
0     000893c6  _ctypes_                          
0     0001267e  _lcdParsedVals                    
0     00012682  _lock                             
0     00095634  _nop                              
0     00095630  _register_lock                    
0     0009562c  _register_unlock                  
0     000955bb  _safetyCutoff                     
0     00012581  _sineLTCounter                    
0     00089236  _sineLTable                       
0     0009566a  _system_post_cinit                
0     00095668  _system_pre_init                  
0     00012684  _unlock                           
0     00095478  abort                             
0     00094ac1  adcISR                            
0     00095340  atoi                              
0     00012592  battBus_V                         
0     00012594  battChrg_I                        
0     00012100  clMagVect                         
0     00012178  clPhaseVect                       
0     00080000  code_start                        
0     00091b0e  computeDF22_PRcontrollerCoeff     
0     000125a4  controllerGain                    
0     000954a1  copysign                          
0     000954a1  copysignl                         
0     00012674  correctionValue                   
0     00012676  currentSensorGain                 
0     00092caa  disablePWMCLKCounting             
0     00092caf  enablePWMCLKCounting              
0     00012688  errno                             
0     0001259e  errorInstant                      
0     0009547a  exit                              
0     00091b0d  flagUpdate                        
0     000121f0  freqVect                          
0     000952b4  frexp                             
0     000952b4  frexpl                            
0     0000b802  graph_1                           
0     0000bb22  graph_2                           
0     0000b092  graph_3                           
0     0001258a  invDutyPU                         
0     0001258c  invInst_V                         
0     00012590  invLoad_I                         
0     00012588  invSine                           
0     000949f0  inverterISR                       
abs   0009802f  isrcodefuncsLoadEnd               
abs   0000002f  isrcodefuncsLoadSize              
abs   00098000  isrcodefuncsLoadStart             
abs   0000902f  isrcodefuncsRunEnd                
abs   0000002f  isrcodefuncsRunSize               
abs   00009000  isrcodefuncsRunStart              
0     0000b006  ival                              
0     0000b3b4  k$writeToGraph_1                  
0     00094e50  lcdDrive_clearDisplay             
0     00094d92  lcdDrive_initialise               
0     00094e20  lcdDrive_send4Bits                
0     00094dee  lcdDrive_updateLCD                
0     00094de6  lcdDrive_updateLCD_DATA           
0     00094dc5  lcdDrive_writeLCD                 
0     000955a8  lcdDrive_writePin                 
0     00091e9d  lcd_UI                            
0     00094f13  ldexp                             
0     00094f13  ldexpl                            
0     00091602  main                              
0     0001258e  mainsInst_V                       
0     000955cb  memccpy                           
0     00095540  memcpy                            
0     00095656  memset                            
0     00012040  obj_invInst_V                     
0     00012056  obj_invLoad_I                     
0     000120c0  obj_mains_chgr_V_I                
0     00012268  olMagVect                         
0     000122e0  olPhaseVect                       
0     00092f19  parseFloatForLCD                  
0     00012358  plantMagVect                      
0     000123d0  plantPhaseVect                    
0     000125a0  pr_temp                           
0     00094e55  pulse_lcdEN                       
0     00092e83  readADCValues                     
0     00012583  resetPR                           
0     00092f40  runPowerMeasurement               
0     00091ac6  runSafetyCutoffCheck              
0     00094f13  scalbn                            
0     00094f13  scalbnl                           
0     00092c3f  setupADC                          
0     00092db8  setupChargerPWM                   
0     00092bdc  setupDevice                       
0     00092cb4  setupInverterPWM                  
0     00012080  sfra1                             
0     0000b008  softStartModIndex                 
0     0009530e  sprintf                           
0     00095602  strchr                            
0     00095663  strcpy                            
0     0009564e  strlen                            
0     00095252  tanf                              
0     000125a2  totalControlVal                   
0     00091dfe  updateFlags                       
0     0009560e  wcslen                            
0     0009544e  writeToGraph                      


GLOBAL SYMBOLS: SORTED BY Symbol Address 

page  address   name                              
----  -------   ----                              
0     00000400  __stack                           
0     00000600  __TI_STACK_END                    
0     00009000  Cla1ConstLoadStart                
0     00009000  Cla1ConstRunStart                 
0     00009000  Cla1ProgLoadStart                 
0     00009000  Cla1ProgRunStart                  
0     00009000  DCL_runDF22_C1                    
0     0000b006  ival                              
0     0000b008  softStartModIndex                 
0     0000b092  graph_3                           
0     0000b3b2  STATE_PTR                         
0     0000b3b4  k$writeToGraph_1                  
0     0000b800  _Kval                             
0     0000b802  graph_1                           
0     0000bb22  graph_2                           
0     0000c088  Flash_initModule                  
0     0000c0b0  Flash_powerDown                   
0     0000c0c0  Flash_wakeFromLPM                 
0     0000c0d1  SysCtl_delay                      
0     00010000  _SFRA_F32_state                   
0     00010001  _SFRA_F32_stateSlew               
0     00010002  _SFRA_F32_rSinSum                 
0     00010004  _SFRA_F32_rCosSum                 
0     00010006  _SFRA_F32_uSinSum                 
0     00010008  _SFRA_F32_uCosSum                 
0     0001000a  _SFRA_F32_ySinSum                 
0     0001000c  _SFRA_F32_yCosSum                 
0     0001000e  _SFRA_F32_tableptr                
0     00010010  _SFRA_F32_tableptrStart           
0     00010012  _SFRA_F32_reference               
0     00010014  _SFRA_F32_amplitude               
0     00010016  _SFRA_F32_step                    
0     00010018  _SFRA_F32_pointer                 
0     0001001a  _SFRA_F32_preCount                
0     0001001c  _SFRA_F32_count                   
0     0001001e  _SFRA_F32_windowSamples           
0     00012000  PR_ControlVal                     
0     00012002  B0                                
0     00012004  B1                                
0     00012006  B2                                
0     00012008  B3                                
0     0001200a  A1                                
0     0001200c  A2                                
0     0001200e  A3                                
0     00012010  FLG                               
0     00012016  PR_0_Vals                         
0     0001201e  PR_3_Vals                         
0     00012026  PR_5_Vals                         
0     0001202e  PR_7_Vals                         
0     00012040  obj_invInst_V                     
0     00012056  obj_invLoad_I                     
0     00012080  sfra1                             
0     000120c0  obj_mains_chgr_V_I                
0     00012100  clMagVect                         
0     00012178  clPhaseVect                       
0     000121f0  freqVect                          
0     00012268  olMagVect                         
0     000122e0  olPhaseVect                       
0     00012358  plantMagVect                      
0     000123d0  plantPhaseVect                    
0     00012448  SFRA_GUI_commsOKflg               
0     00012449  SFRA_GUI_serialCommsTimer         
0     0001244a  SFRA_GUI_lowByteFlag              
0     0001244b  SFRA_GUI_sendTaskPtr              
0     0001244c  SFRA_GUI_rxChar                   
0     0001244d  SFRA_GUI_rxWord                   
0     0001244e  SFRA_GUI_taskDoneFlag             
0     0001244f  SFRA_GUI_numWords                 
0     00012450  SFRA_GUI_wordsLeftToGet           
0     00012451  SFRA_GUI_dataOut16                
0     00012452  SFRA_GUI_rcvTskPtrShdw            
0     00012453  SFRA_GUI_delayer                  
0     00012454  SFRA_GUI_memGetPtr                
0     00012455  SFRA_GUI_memGetAmount             
0     00012456  SFRA_GUI_memSetPtr                
0     00012457  SFRA_GUI_led_flag                 
0     00012458  SFRA_GUI_led_gpio                 
0     00012459  SFRA_GUI_sweep_start              
0     0001245a  SFRA_GUI_rcvTaskPointer           
0     0001245c  SFRA_GUI_sci_base_addr            
0     0001245e  SFRA_GUI_dataOut32                
0     00012460  SFRA_GUI_memDataPtr16             
0     00012462  SFRA_GUI_memDataPtr32             
0     00012464  SFRA_GUI_memGetAddress            
0     00012466  SFRA_GUI_memSetValue              
0     00012468  SFRA_GUI_temp                     
0     0001246a  SFRA_GUI_arrayGetList             
0     0001248a  SFRA_GUI_cmdDispatcher            
0     000124aa  SFRA_GUI_dataSetList              
0     000124ca  SFRA_GUI_varGetList               
0     000124ea  SFRA_GUI_varSetBtnList            
0     0001250a  SFRA_GUI_varSetSldrList           
0     0001252a  SFRA_GUI_varSetTxtList            
0     0001254a  SFRA_GUI_cmdPacket                
0     00012554  DataString                        
0     00012580  INV_CORRECTION_LIM                
0     00012581  _sineLTCounter                    
0     00012582  SW_PRESSED_VAL                    
0     00012583  resetPR                           
0     00012584  INVVo_SCALEFACTOR                 
0     00012586  INVVbus_SCALEFACTOR               
0     00012588  invSine                           
0     0001258a  invDutyPU                         
0     0001258c  invInst_V                         
0     0001258e  mainsInst_V                       
0     00012590  invLoad_I                         
0     00012592  battBus_V                         
0     00012594  battChrg_I                        
0     00012596  BATT_CHGR_MAX_I                   
0     00012598  BATT_CHGR_MIN_I                   
0     0001259a  BATT_CHGR_MAX_V                   
0     0001259c  BATT_CHGR_PWM_VAL_INST            
0     0001259e  errorInstant                      
0     000125a0  pr_temp                           
0     000125a2  totalControlVal                   
0     000125a4  controllerGain                    
0     000125a6  PR_0                              
0     000125c0  PR_3                              
0     000125d2  PR_5                              
0     000125e4  PR_7                              
0     00012600  DF_0                              
0     00012612  CHGR_PI                           
0     00012628  DF_23_ctrl                        
0     00012640  LCD_DATA                          
0     00012672  ADC_BASIC_SCALEFACTOR             
0     00012674  correctionValue                   
0     00012676  currentSensorGain                 
0     00012678  __TI_enable_exit_profile_output   
0     0001267a  __TI_cleanup_ptr                  
0     0001267c  __TI_dtors_ptr                    
0     0001267e  _lcdParsedVals                    
0     00012682  _lock                             
0     00012684  _unlock                           
0     00012688  errno                             
0     00080000  code_start                        
0     00089236  _sineLTable                       
0     000893c6  _ctypes_                          
0     00091602  main                              
0     00091847  SYSTEM_OFF_STATE                  
0     00091861  STARTUP_STATE                     
0     000918a7  INV_MODE_TRANSITION_STATE         
0     0009192f  INV_MODE_STATE                    
0     00091a30  MAINS_MODE_TRANSITION_STATE       
0     00091a53  MAINS_MODE_STATE                  
0     00091a83  FAULT_MODE_STATE                  
0     00091ac6  runSafetyCutoffCheck              
0     00091b0d  flagUpdate                        
0     00091b0e  computeDF22_PRcontrollerCoeff     
0     00091bef  SINE_MEASUREMENT_computeValues    
0     00091cc4  TEMP_computeDF22_PRcontrollerCoeff
0     00091d9a  FILTER_SAMPLE                     
0     00091dcc  FILTER_SAMPLE2                    
0     00091dfe  updateFlags                       
0     00091e9d  lcd_UI                            
0     00092bdc  setupDevice                       
0     00092c3f  setupADC                          
0     00092caa  disablePWMCLKCounting             
0     00092caf  enablePWMCLKCounting              
0     00092cb4  setupInverterPWM                  
0     00092db8  setupChargerPWM                   
0     00092e83  readADCValues                     
0     00092f19  parseFloatForLCD                  
0     00092f40  runPowerMeasurement               
0     000933ee  __TI_printfi                      
0     0009361f  SFRA_GUI_config                   
0     00093731  SFRA_GUI_runSerialHostComms       
0     00093745  SFRA_GUI_getCmdByte               
0     00093779  SFRA_GUI_echoCmdByte              
0     0009378f  SFRA_GUI_getSizeByte              
0     000937a9  SFRA_GUI_echoSizeByte             
0     000937bf  SFRA_GUI_getDataByte              
0     000937d9  SFRA_GUI_echoDataByte             
0     000937e8  SFRA_GUI_packWord                 
0     00093806  SFRA_GUI_cmdInterpreter           
0     00093826  SFRA_GUI_lifePulseTsk             
0     0009385c  SFRA_GUI_setText                  
0     0009386f  SFRA_GUI_setButton                
0     00093882  SFRA_GUI_setSlider                
0     00093895  SFRA_GUI_getVariable              
0     00093898  SFRA_GUI_getArray                 
0     0009389b  SFRA_GUI_getData                  
0     000938ca  SFRA_GUI_setData32                
0     000938f9  SFRA_GUI_spareTsk08               
0     000938fe  SFRA_GUI_sendData                 
0     00093ad7  SysCtl_getClock                   
0     00093b35  SysCtl_setClock                   
0     00093bf1  SysCtl_selectXTAL                 
0     00093c15  SysCtl_selectXTALSingleEnded      
0     00093c2f  SysCtl_selectOscSource            
0     00093c61  SysCtl_getLowSpeedClock           
0     00093c7b  SysCtl_getDeviceParametric        
0     00093cd6  SysCtl_isPLLValid                 
0     00093e94  DCC_getRevisionNumber             
0     00093ea8  DCC_verifyClockFrequency          
0     00093f7b  DCC_measureClockFrequency         
0     0009402c  DCC_continuousMonitor             
0     00094155  SCI_setConfig                     
0     00094179  SCI_writeCharArray                
0     000941b0  SCI_readCharArray                 
0     000941e1  SCI_enableInterrupt               
0     0009421c  SCI_disableInterrupt              
0     00094257  SCI_getInterruptStatus            
0     0009429a  SCI_clearInterruptStatus          
0     000942d5  SCI_setBaud                       
0     00094300  SCI_setWakeFlag                   
0     00094316  GPIO_setDirectionMode             
0     0009433d  GPIO_getDirectionMode             
0     00094353  GPIO_setInterruptPin              
0     0009437e  GPIO_setPadConfig                 
0     000943c6  GPIO_getPadConfig                 
0     000943fa  GPIO_setQualificationMode         
0     00094426  GPIO_getQualificationMode         
0     00094447  GPIO_setQualificationPeriod       
0     00094469  GPIO_setMasterCore                
0     00094495  GPIO_setAnalogMode                
0     000944bd  GPIO_setPinConfig                 
0     000944f4  SFRA_F32_updateInjectionAmplitude 
0     000944fc  SFRA_F32_resetFreqRespArray       
0     00094605  SFRA_F32_reset                    
0     00094630  SFRA_F32_initFreqArrayWithLogSteps
0     0009465a  SFRA_F32_config                   
0     00094715  Device_init                       
0     00094741  Device_enableAllPeripherals       
0     00094821  Device_initGPIO                   
0     00094831  Device_verifyXTAL                 
0     00094864  __error__                         
0     00094910  Interrupt_initModule              
0     0009494d  Interrupt_initVectorTable         
0     0009496b  Interrupt_enable                  
0     000949a2  Interrupt_disable                 
0     000949f0  inverterISR                       
0     00094ac1  adcISR                            
0     00094b3f  ADC_setVREF                       
0     00094b82  ADC_setINLTrim                    
0     00094bc8  ADC_setOffsetTrim                 
0     00094c15  ADC_setOffsetTrimAll              
0     00094c3d  ADC_setPPBTripLimits              
0     00094c6f  __c28xabi_divll                   
0     00094cab  __c28xabi_modll                   
0     00094ce5  __c28xabi_divull                  
0     00094d14  __c28xabi_modull                  
0     00094d92  lcdDrive_initialise               
0     00094dc5  lcdDrive_writeLCD                 
0     00094de6  lcdDrive_updateLCD_DATA           
0     00094dee  lcdDrive_updateLCD                
0     00094e20  lcdDrive_send4Bits                
0     00094e50  lcdDrive_clearDisplay             
0     00094e55  pulse_lcdEN                       
0     00094e6a  _GET_SWITCH_VAL                   
0     00094f13  ldexp                             
0     00094f13  ldexpl                            
0     00094f13  scalbn                            
0     00094f13  scalbnl                           
0     00094fbc  __c28xabi_addd                    
0     00095058  __c28xabi_divd                    
0     000950e3  __c28xabi_divf                    
0     0009516b  __c28xabi_mpyd                    
0     000951ee  __SFRA_F32_collect                
0     00095252  tanf                              
0     000952b4  frexp                             
0     000952b4  frexpl                            
0     0009530e  sprintf                           
0     00095340  atoi                              
0     00095371  __TI_ltoa                         
0     000953a1  __TI_decompress_lzss              
0     000953cf  __TI_auto_init_nobinit_nopinit    
0     000953fa  __c28xabi_cmpd                    
0     00095424  __c28xabi_divl                    
0     00095433  __c28xabi_modl                    
0     00095441  __c28xabi_divul                   
0     00095448  __c28xabi_modul                   
0     0009544e  writeToGraph                      
0     00095478  C$$EXIT                           
0     00095478  abort                             
0     0009547a  exit                              
0     000954a1  copysign                          
0     000954a1  copysignl                         
0     000954c5  __c28xabi_dtoi                    
0     000954e6  __c28xabi_dtol                    
0     00095505  __c28xabi_cmpll                   
0     00095517  __c28xabi_cmpull                  
0     00095523  __c28xabi_itod                    
0     00095540  memcpy                            
0     0009555d  __c28xabi_ltod                    
0     00095579  __c28xabi_andll                   
0     00095581  __c28xabi_orll                    
0     00095589  __c28xabi_xorll                   
0     00095591  _c_int00                          
0     000955a8  lcdDrive_writePin                 
0     000955bb  _safetyCutoff                     
0     000955cb  memccpy                           
0     000955db  __c28xabi_subd                    
0     000955e9  SINE_MEASUREMENT_reset            
0     000955f6  _args_main                        
0     00095602  strchr                            
0     0009560e  wcslen                            
0     00095619  CPUTimer_setEmulationMode         
0     00095623  __relaxed_sqrtf                   
0     0009562c  _register_unlock                  
0     00095630  _register_lock                    
0     00095634  _nop                              
0     00095635  __c28xabi_negd                    
0     0009563e  __TI_decompress_none              
0     0009564e  strlen                            
0     00095656  memset                            
0     0009565d  __TI_zero_init                    
0     00095663  strcpy                            
0     00095668  _system_pre_init                  
0     0009566a  _system_post_cinit                
0     000956c2  __TI_Handler_Table_Base           
0     000956c8  __TI_Handler_Table_Limit          
0     000956d0  __TI_CINIT_Base                   
0     000956e4  __TI_CINIT_Limit                  
0     000956e4  __TI_CINIT_Warm                   
abs   00000000  Cla1ConstLoadSize                 
abs   00000000  Cla1ProgLoadSize                  
abs   0000002f  isrcodefuncsLoadSize              
abs   0000002f  isrcodefuncsRunSize               
abs   000000d5  RamfuncsLoadSize                  
abs   000000d5  RamfuncsRunSize                   
abs   00000200  __TI_STACK_SIZE                   
abs   00009000  isrcodefuncsRunStart              
abs   0000902f  isrcodefuncsRunEnd                
abs   0000c000  RamfuncsRunStart                  
abs   0000c0d5  RamfuncsRunEnd                    
abs   00086000  RamfuncsLoadStart                 
abs   000860d5  RamfuncsLoadEnd                   
abs   00098000  isrcodefuncsLoadStart             
abs   0009802f  isrcodefuncsLoadEnd               
abs   ffffffff  __TI_pprof_out_hndl               
abs   ffffffff  __TI_prof_data_size               
abs   ffffffff  __TI_prof_data_start              
n/a   UNDEFED   __c_args__                        

[333 symbols]
