******************************************************************************
             TMS320C2000 Linker PC v22.6.0                     
******************************************************************************
>> Linked Wed Dec 28 00:17:06 2022

OUTPUT FILE NAME:   <projectUPS.out>
ENTRY POINT SYMBOL: "code_start"  address: 00080000


MEMORY CONFIGURATION

         name            origin    length      used     unused   attr    fill
----------------------  --------  ---------  --------  --------  ----  --------
PAGE 0:
  RAMM0                 000000f5   0000030b  00000049  000002c2  RWIX
  RAMLS01234            00008000   00002800  00000000  00002800  RWIX
  RAMGS0                0000c000   00002000  00000000  00002000  RWIX
  BEGIN                 00080000   00000002  00000002  00000000  RWIX
  FLASH_BANK0_SEC0      00080002   00000ffe  00000000  00000ffe  RWIX
  FLASH_BANK0_SEC1      00081000   00001000  00000fde  00000022  RWIX
  FLASH_BANK0_SEC2      00082000   00001000  00000000  00001000  RWIX
  FLASH_BANK0_SEC3      00083000   00001000  00000000  00001000  RWIX
  FLASH_BANK0_SEC4      00084000   00001000  0000009c  00000f64  RWIX
  FLASH_BANK0_SEC5      00085000   00001000  00000000  00001000  RWIX
  FLASH_BANK0_SEC6      00086000   00001000  00000000  00001000  RWIX
  FLASH_BANK0_SEC7      00087000   00001000  00000000  00001000  RWIX
  FLASH_BANK0_SEC8      00088000   00001000  00000000  00001000  RWIX
  FLASH_BANK0_SEC9      00089000   00001000  00000000  00001000  RWIX
  FLASH_BANK0_SEC10     0008a000   00001000  00000000  00001000  RWIX
  FLASH_BANK0_SEC11     0008b000   00001000  00000000  00001000  RWIX
  FLASH_BANK0_SEC12     0008c000   00001000  00000000  00001000  RWIX
  FLASH_BANK0_SEC13     0008d000   00001000  00000000  00001000  RWIX
  FLASH_BANK0_SEC14     0008e000   00001000  00000000  00001000  RWIX
  FLASH_BANK0_SEC15     0008f000   00001000  00000000  00001000  RWIX
  FLASH_BANK1_SEC0      00090000   00001000  00000000  00001000  RWIX
  FLASH_BANK1_SEC1      00091000   00001000  00000000  00001000  RWIX
  FLASH_BANK1_SEC2      00092000   00001000  00000000  00001000  RWIX
  FLASH_BANK1_SEC3      00093000   00001000  00000000  00001000  RWIX
  FLASH_BANK1_SEC4      00094000   00001000  00000000  00001000  RWIX
  FLASH_BANK1_SEC5      00095000   00001000  00000000  00001000  RWIX
  FLASH_BANK1_SEC6      00096000   00001000  00000000  00001000  RWIX
  FLASH_BANK1_SEC7      00097000   00001000  00000000  00001000  RWIX
  FLASH_BANK1_SEC8      00098000   00001000  00000000  00001000  RWIX
  FLASH_BANK1_SEC9      00099000   00001000  00000000  00001000  RWIX
  FLASH_BANK1_SEC10     0009a000   00001000  00000000  00001000  RWIX
  FLASH_BANK1_SEC11     0009b000   00001000  00000000  00001000  RWIX
  FLASH_BANK1_SEC12     0009c000   00001000  00000000  00001000  RWIX
  FLASH_BANK1_SEC13     0009d000   00001000  00000000  00001000  RWIX
  FLASH_BANK1_SEC14     0009e000   00001000  00000000  00001000  RWIX
  FLASH_BANK1_SEC15     0009f000   00001000  00000000  00001000  RWIX
  RESET                 003fffc0   00000002  00000000  00000002  RWIX

PAGE 1:
  BOOT_RSVD             00000002   000000f3  00000000  000000f3  RWIX
  RAMM1                 00000400   00000400  000003fe  00000002  RWIX
  RAMLS567              0000a800   00001800  000009da  00000e26  RWIX
  RAMGS1                0000e000   00002000  00000000  00002000  RWIX
  RAMGS2                00010000   00002000  00000000  00002000  RWIX
  RAMGS3                00012000   00002000  00000000  00002000  RWIX


SECTION ALLOCATION MAP

 output                                  attributes/
section   page    origin      length       input sections
--------  ----  ----------  ----------   ----------------
codestart 
*          0    00080000    00000002     
                  00080000    00000002     f28004x_codestartbranch.obj (codestart)

.cinit     0    00081fb8    0000002c     
                  00081fb8    0000000b     (.cinit..data.1.load) [load image, compression = lzss]
                  00081fc3    00000009     (.cinit..data.2.load) [load image, compression = lzss]
                  00081fcc    00000006     (__TI_handler_table)
                  00081fd2    00000004     (.cinit..bss.load) [load image, compression = zero_init]
                  00081fd6    00000002     --HOLE-- [fill = 0]
                  00081fd8    0000000c     (__TI_cinit_table)

.init_array 
*          0    00081000    00000000     UNINITIALIZED

.reset     0    003fffc0    00000000     DSECT

.stack     1    00000400    00000200     UNINITIALIZED
                  00000400    00000200     --HOLE--

.bss       1    0000a800    00000006     UNINITIALIZED
                  0000a800    00000006     project_main.obj (.bss)

.const     0    00084000    0000009c     
                  00084000    0000009c     project_main.obj (.const:.string)

.TI.ramfunc 
*          0    00081000    00000049     RUN ADDR = 000000f8
                  00081000    00000045     driverlib_eabi.lib : flash.obj (.TI.ramfunc:Flash_initModule)
                  00081045    00000004                        : sysctl.obj (.TI.ramfunc)

ramfuncs   0    00081049    00000000     UNINITIALIZEDRUN ADDR = 00000141

dclfuncs   0    00081049    00000000     UNINITIALIZEDRUN ADDR = 00000141

.text      0    0008104c    00000f69     
                  0008104c    000004cd     project_functions.obj (.text)
                  00081519    0000033a     project_main.obj (.text)
                  00081853    00000182     device.obj (.text)
                  000819d5    00000137     project_main.obj (.text:retain)
                  00081b0c    000000ba     driverlib_eabi.lib : sysctl.obj (.text:SysCtl_isPLLValid)
                  00081bc6    000000b3                        : sysctl.obj (.text:SysCtl_setClock)
                  00081c79    00000041                        : interrupt.obj (.text:Interrupt_initModule)
                  00081cba    0000003f                        : gpio.obj (.text:GPIO_setPadConfig)
                  00081cf9    00000034                        : interrupt.obj (.text:Interrupt_enable)
                  00081d2d    00000032                        : adc.obj (.text:ADC_setVREF)
                  00081d5f    00000030                        : gpio.obj (.text:GPIO_setPinConfig)
                  00081d8f    0000002e     rts2800_fpu32_eabi.lib : copy_decompress_lzss.c.obj (.text:decompress:lzss)
                  00081dbd    0000002d     driverlib_eabi.lib : sysctl.obj (.text:SysCtl_selectOscSource)
                  00081dea    0000002b     rts2800_fpu32_eabi.lib : autoinit.c.obj (.text:__TI_auto_init_nobinit_nopinit)
                  00081e15    00000029                            : exit.c.obj (.text)
                  00081e3e    00000028     driverlib_eabi.lib : sysctl.obj (.text:SysCtl_selectXTAL)
                  00081e66    00000022                        : sysctl.obj (.text:SysCtl_pollX1Counter)
                  00081e88    00000021                        : gpio.obj (.text:GPIO_setAnalogMode)
                  00081ea9    00000020                        : gpio.obj (.text:GPIO_setDirectionMode)
                  00081ec9    0000001e     rts2800_fpu32_eabi.lib : ll_cmp28.asm.obj (.text)
                  00081ee7    0000001d                            : memcpy.c.obj (.text)
                  00081f04    0000001c     driverlib_eabi.lib : sysctl.obj (.text:SysCtl_selectXTALSingleEnded)
                  00081f20    0000001b                        : adc.obj (.text:ADC_setOffsetTrimAll)
                  00081f3b    00000017     rts2800_fpu32_eabi.lib : boot28.asm.obj (.text)
                  00081f52    00000015     driverlib_eabi.lib : interrupt.obj (.text:Interrupt_initVectorTable)
                  00081f67    0000000d     rts2800_fpu32_eabi.lib : copy_zero_init.c.obj (.text:decompress:ZI:__TI_zero_init_nomemset)
                  00081f74    0000000c                            : args_main.c.obj (.text)
                  00081f80    0000000b     project_functions.obj (.text:__relaxed_sinf)
                  00081f8b    00000009     rts2800_fpu32_eabi.lib : _lock.c.obj (.text)
                  00081f94    00000008                            : copy_decompress_none.c.obj (.text:decompress:none)
                  00081f9c    00000008     f28004x_codestartbranch.obj (.text)
                  00081fa4    00000006     driverlib_eabi.lib : cputimer.obj (.text:CPUTimer_setEmulationMode)
                  00081faa    00000004                        : interrupt.obj (.text:Interrupt_defaultHandler)
                  00081fae    00000002                        : interrupt.obj (.text:Interrupt_illegalOperationHandler)
                  00081fb0    00000002                        : interrupt.obj (.text:Interrupt_nmiHandler)
                  00081fb2    00000002     rts2800_fpu32_eabi.lib : pre_init.c.obj (.text)
                  00081fb4    00000001                            : startup.c.obj (.text)

.data.1    1    00000600    000001fe     UNINITIALIZED
                  00000600    000001f4     project_main.obj (.data:a)
                  000007f4    00000006     rts2800_fpu32_eabi.lib : exit.c.obj (.data)
                  000007fa    00000002                            : _lock.c.obj (.data:_lock)
                  000007fc    00000002                            : _lock.c.obj (.data:_unlock)

.data.2    1    0000a806    000009d4     UNINITIALIZED
                  0000a806    000003e8     project_main.obj (.data:volts)
                  0000abee    000001f4     project_main.obj (.data:errorVoltage)
                  0000ade2    000001f4     project_main.obj (.data:genVoltage)
                  0000afd6    000001f4     project_main.obj (.data:mainsVoltage)
                  0000b1ca    00000010     project_main.obj (.data)

MODULE SUMMARY

       Module                        code   ro data   rw data
       ------                        ----   -------   -------
    .\
       project_main.obj              1137   156       3022   
       project_functions.obj         1240   0         0      
    +--+-----------------------------+------+---------+---------+
       Total:                        2377   156       3022   
                                                             
    .\device\
       device.obj                    386    0         0      
       f28004x_codestartbranch.obj   10     0         0      
    +--+-----------------------------+------+---------+---------+
       Total:                        396    0         0      
                                                             
    D:/SOFTWARES/TI/ccs/tools/compiler/ti-cgt-c2000_22.6.0.LTS/lib/rts2800_fpu32_eabi.lib
       exit.c.obj                    41     0         6      
       copy_decompress_lzss.c.obj    46     0         0      
       autoinit.c.obj                43     0         0      
       ll_cmp28.asm.obj              30     0         0      
       memcpy.c.obj                  29     0         0      
       boot28.asm.obj                23     0         0      
       _lock.c.obj                   9      0         4      
       copy_zero_init.c.obj          13     0         0      
       args_main.c.obj               12     0         0      
       copy_decompress_none.c.obj    8      0         0      
       pre_init.c.obj                2      0         0      
       startup.c.obj                 1      0         0      
    +--+-----------------------------+------+---------+---------+
       Total:                        257    0         10     
                                                             
    D:\WORKSPACE\TI2\projectUPS\device\driverlib\driverlib_eabi.lib
       sysctl.obj                    520    0         0      
       gpio.obj                      176    0         0      
       interrupt.obj                 146    0         0      
       flash.obj                     138    0         0      
       adc.obj                       77     0         0      
       cputimer.obj                  6      0         0      
    +--+-----------------------------+------+---------+---------+
       Total:                        1063   0         0      
                                                             
       Stack:                        0      0         512    
       Linker Generated:             0      42        0      
    +--+-----------------------------+------+---------+---------+
       Grand Total:                  4093   198       3544   


LINKER GENERATED COPY TABLES

__TI_cinit_table @ 00081fd8 records: 3, size/record: 4, table size: 12
	.data.1: load addr=00081fb8, load size=0000000b bytes, run addr=00000600, run size=000001fe bytes, compression=lzss
	.data.2: load addr=00081fc3, load size=00000009 bytes, run addr=0000a806, run size=000009d4 bytes, compression=lzss
	.bss: load addr=00081fd2, load size=00000004 bytes, run addr=0000a800, run size=00000006 bytes, compression=zero_init


LINKER GENERATED HANDLER TABLE

__TI_handler_table @ 00081fcc records: 3, size/record: 2, table size: 6
	index: 0, handler: __TI_decompress_lzss
	index: 1, handler: __TI_decompress_none
	index: 2, handler: __TI_zero_init


GLOBAL DATA SYMBOLS: SORTED BY DATA PAGE

address     data page           name
--------    ----------------    ----
00000400      10 (00000400)     __stack

00000600      18 (00000600)     a

000007f4      1f (000007c0)     __TI_enable_exit_profile_output
000007f6      1f (000007c0)     __TI_cleanup_ptr
000007f8      1f (000007c0)     __TI_dtors_ptr
000007fa      1f (000007c0)     _lock
000007fc      1f (000007c0)     _unlock

0000a800     2a0 (0000a800)     rgen1
0000a806     2a0 (0000a800)     volts

0000abee     2af (0000abc0)     errorVoltage

0000ade2     2b7 (0000adc0)     genVoltage

0000afd6     2bf (0000afc0)     mainsVoltage

0000b1ce     2c7 (0000b1c0)     invSine
0000b1d0     2c7 (0000b1c0)     invModIndex
0000b1d2     2c7 (0000b1c0)     invDutyPU
0000b1d4     2c7 (0000b1c0)     adcRes


GLOBAL SYMBOLS: SORTED ALPHABETICALLY BY Name 

page  address   name                           
----  -------   ----                           
0     00081f20  ADC_setOffsetTrimAll           
0     00081d2d  ADC_setVREF                    
0     00081e15  C$$EXIT                        
0     00081fa4  CPUTimer_setEmulationMode      
0     000818e1  Device_enableAllPeripherals    
0     000818a3  Device_init                    
0     000819be  Device_initGPIO                
0     000000f8  Flash_initModule               
0     00081e88  GPIO_setAnalogMode             
0     00081ea9  GPIO_setDirectionMode          
0     00081cba  GPIO_setPadConfig              
0     00081d5f  GPIO_setPinConfig              
0     00081cf9  Interrupt_enable               
0     00081c79  Interrupt_initModule           
0     00081f52  Interrupt_initVectorTable      
abs   00081049  RamfuncsLoadEnd                
abs   00000049  RamfuncsLoadSize               
abs   00081000  RamfuncsLoadStart              
abs   00000141  RamfuncsRunEnd                 
abs   00000049  RamfuncsRunSize                
abs   000000f8  RamfuncsRunStart               
0     0000013d  SysCtl_delay                   
0     00081b0c  SysCtl_isPLLValid              
0     00081dbd  SysCtl_selectOscSource         
0     00081e3e  SysCtl_selectXTAL              
0     00081f04  SysCtl_selectXTALSingleEnded   
0     00081bc6  SysCtl_setClock                
0     00081fd8  __TI_CINIT_Base                
0     00081fe4  __TI_CINIT_Limit               
0     00081fe4  __TI_CINIT_Warm                
0     00081fcc  __TI_Handler_Table_Base        
0     00081fd2  __TI_Handler_Table_Limit       
1     00000600  __TI_STACK_END                 
abs   00000200  __TI_STACK_SIZE                
0     00081dea  __TI_auto_init_nobinit_nopinit 
1     000007f6  __TI_cleanup_ptr               
0     00081d8f  __TI_decompress_lzss           
0     00081f94  __TI_decompress_none           
1     000007f8  __TI_dtors_ptr                 
1     000007f4  __TI_enable_exit_profile_output
abs   ffffffff  __TI_pprof_out_hndl            
abs   ffffffff  __TI_prof_data_size            
abs   ffffffff  __TI_prof_data_start           
0     00081f67  __TI_zero_init_nomemset        
0     00081ec9  __c28xabi_cmpll                
0     00081edb  __c28xabi_cmpull               
n/a   UNDEFED   __c_args__                     
0     000819ce  __error__                      
0     00081f80  __relaxed_sinf                 
1     00000400  __stack                        
0     00081f74  _args_main                     
0     00081f3b  _c_int00                       
1     000007fa  _lock                          
0     00081f93  _nop                           
0     00081f8f  _register_lock                 
0     00081f8b  _register_unlock               
0     00081fb4  _system_post_cinit             
0     00081fb2  _system_pre_init               
1     000007fc  _unlock                        
1     00000600  a                              
0     00081e15  abort                          
0     00081a16  adcISR                         
1     0000b1d4  adcRes                         
0     00080000  code_start                     
0     0008140b  disablePWMCLKCounting          
0     00081410  enablePWMCLKCounting           
1     0000abee  errorVoltage                   
0     00081e17  exit                           
1     0000ade2  genVoltage                     
1     0000b1d2  invDutyPU                      
1     0000b1d0  invModIndex                    
1     0000b1ce  invSine                        
0     000819d5  inverterISR                    
0     00081819  main                           
1     0000afd6  mainsVoltage                   
0     00081ee7  memcpy                         
1     0000a800  rgen1                          
0     000813bc  setupADC                       
0     00081359  setupDevice                    
0     00081415  setupInverterPWM               
1     0000a806  volts                          


GLOBAL SYMBOLS: SORTED BY Symbol Address 

page  address   name                           
----  -------   ----                           
0     000000f8  Flash_initModule               
0     0000013d  SysCtl_delay                   
0     00080000  code_start                     
0     00081359  setupDevice                    
0     000813bc  setupADC                       
0     0008140b  disablePWMCLKCounting          
0     00081410  enablePWMCLKCounting           
0     00081415  setupInverterPWM               
0     00081819  main                           
0     000818a3  Device_init                    
0     000818e1  Device_enableAllPeripherals    
0     000819be  Device_initGPIO                
0     000819ce  __error__                      
0     000819d5  inverterISR                    
0     00081a16  adcISR                         
0     00081b0c  SysCtl_isPLLValid              
0     00081bc6  SysCtl_setClock                
0     00081c79  Interrupt_initModule           
0     00081cba  GPIO_setPadConfig              
0     00081cf9  Interrupt_enable               
0     00081d2d  ADC_setVREF                    
0     00081d5f  GPIO_setPinConfig              
0     00081d8f  __TI_decompress_lzss           
0     00081dbd  SysCtl_selectOscSource         
0     00081dea  __TI_auto_init_nobinit_nopinit 
0     00081e15  C$$EXIT                        
0     00081e15  abort                          
0     00081e17  exit                           
0     00081e3e  SysCtl_selectXTAL              
0     00081e88  GPIO_setAnalogMode             
0     00081ea9  GPIO_setDirectionMode          
0     00081ec9  __c28xabi_cmpll                
0     00081edb  __c28xabi_cmpull               
0     00081ee7  memcpy                         
0     00081f04  SysCtl_selectXTALSingleEnded   
0     00081f20  ADC_setOffsetTrimAll           
0     00081f3b  _c_int00                       
0     00081f52  Interrupt_initVectorTable      
0     00081f67  __TI_zero_init_nomemset        
0     00081f74  _args_main                     
0     00081f80  __relaxed_sinf                 
0     00081f8b  _register_unlock               
0     00081f8f  _register_lock                 
0     00081f93  _nop                           
0     00081f94  __TI_decompress_none           
0     00081fa4  CPUTimer_setEmulationMode      
0     00081fb2  _system_pre_init               
0     00081fb4  _system_post_cinit             
0     00081fcc  __TI_Handler_Table_Base        
0     00081fd2  __TI_Handler_Table_Limit       
0     00081fd8  __TI_CINIT_Base                
0     00081fe4  __TI_CINIT_Limit               
0     00081fe4  __TI_CINIT_Warm                
1     00000400  __stack                        
1     00000600  __TI_STACK_END                 
1     00000600  a                              
1     000007f4  __TI_enable_exit_profile_output
1     000007f6  __TI_cleanup_ptr               
1     000007f8  __TI_dtors_ptr                 
1     000007fa  _lock                          
1     000007fc  _unlock                        
1     0000a800  rgen1                          
1     0000a806  volts                          
1     0000abee  errorVoltage                   
1     0000ade2  genVoltage                     
1     0000afd6  mainsVoltage                   
1     0000b1ce  invSine                        
1     0000b1d0  invModIndex                    
1     0000b1d2  invDutyPU                      
1     0000b1d4  adcRes                         
abs   00000049  RamfuncsLoadSize               
abs   00000049  RamfuncsRunSize                
abs   000000f8  RamfuncsRunStart               
abs   00000141  RamfuncsRunEnd                 
abs   00000200  __TI_STACK_SIZE                
abs   00081000  RamfuncsLoadStart              
abs   00081049  RamfuncsLoadEnd                
abs   ffffffff  __TI_pprof_out_hndl            
abs   ffffffff  __TI_prof_data_size            
abs   ffffffff  __TI_prof_data_start           
n/a   UNDEFED   __c_args__                     

[81 symbols]
