******************************************************************************
             TMS320C2000 Linker PC v22.6.0                     
******************************************************************************
>> Linked Wed Jan 18 00:07:36 2023

OUTPUT FILE NAME:   <projectUPS.out>
ENTRY POINT SYMBOL: "code_start"  address: 00080000


MEMORY CONFIGURATION

         name            origin    length      used     unused   attr    fill
----------------------  --------  ---------  --------  --------  ----  --------
PAGE 0:
  RAMM0                 000000f5   0000030b  00000049  000002c2  RWIX
  RAMLS01234            00008000   00002800  00000000  00002800  RWIX
  RAMGS0                0000c000   00002000  00000000  00002000  RWIX
  BEGIN                 00080000   00000002  00000002  00000000  RWIX
  FLASH_BANK0_SEC0      00080002   00000ffe  00000000  00000ffe  RWIX
  FLASH_BANK0_SEC1      00081000   00001000  00000f24  000000dc  RWIX
  FLASH_BANK0_SEC2      00082000   00001000  00000000  00001000  RWIX
  FLASH_BANK0_SEC3      00083000   00001000  00000000  00001000  RWIX
  FLASH_BANK0_SEC4      00084000   00001000  0000009c  00000f64  RWIX
  FLASH_BANK0_SEC5      00085000   00001000  00000000  00001000  RWIX
  FLASH_BANK0_SEC6      00086000   00001000  00000000  00001000  RWIX
  FLASH_BANK0_SEC7      00087000   00001000  00000000  00001000  RWIX
  FLASH_BANK0_SEC8      00088000   00001000  00000000  00001000  RWIX
  FLASH_BANK0_SEC9      00089000   00001000  00000000  00001000  RWIX
  FLASH_BANK0_SEC10     0008a000   00001000  00000000  00001000  RWIX
  FLASH_BANK0_SEC11     0008b000   00001000  00000000  00001000  RWIX
  FLASH_BANK0_SEC12     0008c000   00001000  00000000  00001000  RWIX
  FLASH_BANK0_SEC13     0008d000   00001000  00000000  00001000  RWIX
  FLASH_BANK0_SEC14     0008e000   00001000  00000000  00001000  RWIX
  FLASH_BANK0_SEC15     0008f000   00001000  00000000  00001000  RWIX
  FLASH_BANK1_SEC0      00090000   00001000  00000000  00001000  RWIX
  FLASH_BANK1_SEC1      00091000   00001000  00000000  00001000  RWIX
  FLASH_BANK1_SEC2      00092000   00001000  00000000  00001000  RWIX
  FLASH_BANK1_SEC3      00093000   00001000  00000000  00001000  RWIX
  FLASH_BANK1_SEC4      00094000   00001000  00000000  00001000  RWIX
  FLASH_BANK1_SEC5      00095000   00001000  00000000  00001000  RWIX
  FLASH_BANK1_SEC6      00096000   00001000  00000000  00001000  RWIX
  FLASH_BANK1_SEC7      00097000   00001000  00000000  00001000  RWIX
  FLASH_BANK1_SEC8      00098000   00001000  00000000  00001000  RWIX
  FLASH_BANK1_SEC9      00099000   00001000  00000000  00001000  RWIX
  FLASH_BANK1_SEC10     0009a000   00001000  00000000  00001000  RWIX
  FLASH_BANK1_SEC11     0009b000   00001000  00000000  00001000  RWIX
  FLASH_BANK1_SEC12     0009c000   00001000  00000000  00001000  RWIX
  FLASH_BANK1_SEC13     0009d000   00001000  00000000  00001000  RWIX
  FLASH_BANK1_SEC14     0009e000   00001000  00000000  00001000  RWIX
  FLASH_BANK1_SEC15     0009f000   00001000  00000000  00001000  RWIX
  RESET                 003fffc0   00000002  00000000  00000002  RWIX

PAGE 1:
  BOOT_RSVD             00000002   000000f3  00000000  000000f3  RWIX
  RAMM1                 00000400   00000400  00000400  00000000  RWIX
  RAMLS567              0000a800   00001800  00000006  000017fa  RWIX
  RAMGS1                0000e000   00002000  00000000  00002000  RWIX
  RAMGS2                00010000   00002000  00000000  00002000  RWIX
  RAMGS3                00012000   00002000  00000000  00002000  RWIX


SECTION ALLOCATION MAP

 output                                  attributes/
section   page    origin      length       input sections
--------  ----  ----------  ----------   ----------------
codestart 
*          0    00080000    00000002     
                  00080000    00000002     f28004x_codestartbranch.obj (codestart)

.cinit     0    00081f0c    0000001c     
                  00081f0c    00000008     (.cinit..data.1.load) [load image, compression = lzss]
                  00081f14    00000008     (.cinit..data.2.load) [load image, compression = lzss]
                  00081f1c    00000004     (__TI_handler_table)
                  00081f20    00000008     (__TI_cinit_table)

.init_array 
*          0    00081000    00000000     UNINITIALIZED

.reset     0    003fffc0    00000000     DSECT

.stack     1    00000400    00000200     UNINITIALIZED
                  00000400    00000200     --HOLE--

.const     0    00084000    0000009c     
                  00084000    0000009c     project_main.obj (.const:.string)

.TI.ramfunc 
*          0    00081000    00000049     RUN ADDR = 000000f8
                  00081000    00000045     driverlib_eabi.lib : flash.obj (.TI.ramfunc:Flash_initModule)
                  00081045    00000004                        : sysctl.obj (.TI.ramfunc)

ramfuncs   0    00081049    00000000     UNINITIALIZEDRUN ADDR = 00000141

dclfuncs   0    00081049    00000000     UNINITIALIZEDRUN ADDR = 00000141

.text      0    0008104c    00000ebf     
                  0008104c    000004fe     project_functions.obj (.text)
                  0008154a    000002e0     project_main.obj (.text)
                  0008182a    00000182     device.obj (.text)
                  000819ac    000000ba     driverlib_eabi.lib : sysctl.obj (.text:SysCtl_isPLLValid)
                  00081a66    000000b3                        : sysctl.obj (.text:SysCtl_setClock)
                  00081b19    000000a3     project_main.obj (.text:retain)
                  00081bbc    00000049     project_functions.obj (.text:_GET_SWITCH_VAL)
                  00081c05    00000041     driverlib_eabi.lib : interrupt.obj (.text:Interrupt_initModule)
                  00081c46    0000003f                        : gpio.obj (.text:GPIO_setPadConfig)
                  00081c85    00000034                        : interrupt.obj (.text:Interrupt_enable)
                  00081cb9    00000032                        : adc.obj (.text:ADC_setVREF)
                  00081ceb    00000030                        : gpio.obj (.text:GPIO_setPinConfig)
                  00081d1b    0000002e     rts2800_fpu32_eabi.lib : copy_decompress_lzss.c.obj (.text:decompress:lzss)
                  00081d49    0000002d     driverlib_eabi.lib : sysctl.obj (.text:SysCtl_selectOscSource)
                  00081d76    0000002b     rts2800_fpu32_eabi.lib : autoinit.c.obj (.text:__TI_auto_init_nobinit_nopinit)
                  00081da1    00000029                            : exit.c.obj (.text)
                  00081dca    00000028     driverlib_eabi.lib : sysctl.obj (.text:SysCtl_selectXTAL)
                  00081df2    00000022                        : sysctl.obj (.text:SysCtl_pollX1Counter)
                  00081e14    00000021                        : gpio.obj (.text:GPIO_setAnalogMode)
                  00081e35    00000020                        : gpio.obj (.text:GPIO_setDirectionMode)
                  00081e55    0000001d     rts2800_fpu32_eabi.lib : memcpy.c.obj (.text)
                  00081e72    0000001c     driverlib_eabi.lib : sysctl.obj (.text:SysCtl_selectXTALSingleEnded)
                  00081e8e    0000001b                        : adc.obj (.text:ADC_setOffsetTrimAll)
                  00081ea9    00000017     rts2800_fpu32_eabi.lib : boot28.asm.obj (.text)
                  00081ec0    00000015     driverlib_eabi.lib : interrupt.obj (.text:Interrupt_initVectorTable)
                  00081ed5    0000000c     rts2800_fpu32_eabi.lib : args_main.c.obj (.text)
                  00081ee1    00000009                            : _lock.c.obj (.text)
                  00081eea    00000008                            : copy_decompress_none.c.obj (.text:decompress:none)
                  00081ef2    00000008     f28004x_codestartbranch.obj (.text)
                  00081efa    00000006     driverlib_eabi.lib : cputimer.obj (.text:CPUTimer_setEmulationMode)
                  00081f00    00000004                        : interrupt.obj (.text:Interrupt_defaultHandler)
                  00081f04    00000002                        : interrupt.obj (.text:Interrupt_illegalOperationHandler)
                  00081f06    00000002                        : interrupt.obj (.text:Interrupt_nmiHandler)
                  00081f08    00000002     rts2800_fpu32_eabi.lib : pre_init.c.obj (.text)
                  00081f0a    00000001                            : startup.c.obj (.text)

.data.1    1    00000600    00000200     UNINITIALIZED
                  00000600    000001f4     project_main.obj (.data:mainsVoltage)
                  000007f4    00000006     project_main.obj (.data)
                  000007fa    00000006     rts2800_fpu32_eabi.lib : exit.c.obj (.data)

.data.2    1    0000a800    00000006     UNINITIALIZED
                  0000a800    00000002     rts2800_fpu32_eabi.lib : _lock.c.obj (.data:_lock)
                  0000a802    00000002                            : _lock.c.obj (.data:_unlock)
                  0000a804    00000002     project_functions.obj (.data)

MODULE SUMMARY

       Module                        code   ro data   rw data
       ------                        ----   -------   -------
    .\
       project_main.obj              899    156       506    
       project_functions.obj         1351   0         2      
    +--+-----------------------------+------+---------+---------+
       Total:                        2250   156       508    
                                                             
    .\device\
       device.obj                    386    0         0      
       f28004x_codestartbranch.obj   10     0         0      
    +--+-----------------------------+------+---------+---------+
       Total:                        396    0         0      
                                                             
    D:/SOFTWARES/TI/ccs/tools/compiler/ti-cgt-c2000_22.6.0.LTS/lib/rts2800_fpu32_eabi.lib
       exit.c.obj                    41     0         6      
       copy_decompress_lzss.c.obj    46     0         0      
       autoinit.c.obj                43     0         0      
       memcpy.c.obj                  29     0         0      
       boot28.asm.obj                23     0         0      
       _lock.c.obj                   9      0         4      
       args_main.c.obj               12     0         0      
       copy_decompress_none.c.obj    8      0         0      
       pre_init.c.obj                2      0         0      
       startup.c.obj                 1      0         0      
    +--+-----------------------------+------+---------+---------+
       Total:                        214    0         10     
                                                             
    D:\WORKSPACE\TI2\projectUPS\device\driverlib\driverlib_eabi.lib
       sysctl.obj                    520    0         0      
       gpio.obj                      176    0         0      
       interrupt.obj                 146    0         0      
       flash.obj                     138    0         0      
       adc.obj                       77     0         0      
       cputimer.obj                  6      0         0      
    +--+-----------------------------+------+---------+---------+
       Total:                        1063   0         0      
                                                             
       Stack:                        0      0         512    
       Linker Generated:             0      28        0      
    +--+-----------------------------+------+---------+---------+
       Grand Total:                  3923   184       1030   


LINKER GENERATED COPY TABLES

__TI_cinit_table @ 00081f20 records: 2, size/record: 4, table size: 8
	.data.1: load addr=00081f0c, load size=00000008 bytes, run addr=00000600, run size=00000200 bytes, compression=lzss
	.data.2: load addr=00081f14, load size=00000008 bytes, run addr=0000a800, run size=00000006 bytes, compression=lzss


LINKER GENERATED HANDLER TABLE

__TI_handler_table @ 00081f1c records: 2, size/record: 2, table size: 4
	index: 0, handler: __TI_decompress_lzss
	index: 1, handler: __TI_decompress_none


GLOBAL DATA SYMBOLS: SORTED BY DATA PAGE

address     data page           name
--------    ----------------    ----
00000400      10 (00000400)     __stack

00000600      18 (00000600)     mainsVoltage

000007f4      1f (000007c0)     adcRes
000007f5      1f (000007c0)     SW_PRESSED_VAL
000007fa      1f (000007c0)     __TI_enable_exit_profile_output
000007fc      1f (000007c0)     __TI_cleanup_ptr
000007fe      1f (000007c0)     __TI_dtors_ptr

0000a800     2a0 (0000a800)     _lock
0000a802     2a0 (0000a800)     _unlock
0000a804     2a0 (0000a800)     previous_State
0000a805     2a0 (0000a800)     current_State


GLOBAL SYMBOLS: SORTED ALPHABETICALLY BY Name 

page  address   name                           
----  -------   ----                           
0     00081e8e  ADC_setOffsetTrimAll           
0     00081cb9  ADC_setVREF                    
0     00081da1  C$$EXIT                        
0     00081efa  CPUTimer_setEmulationMode      
0     000818b8  Device_enableAllPeripherals    
0     0008187a  Device_init                    
0     00081995  Device_initGPIO                
0     000000f8  Flash_initModule               
0     00081e14  GPIO_setAnalogMode             
0     00081e35  GPIO_setDirectionMode          
0     00081c46  GPIO_setPadConfig              
0     00081ceb  GPIO_setPinConfig              
0     00081c85  Interrupt_enable               
0     00081c05  Interrupt_initModule           
0     00081ec0  Interrupt_initVectorTable      
abs   00081049  RamfuncsLoadEnd                
abs   00000049  RamfuncsLoadSize               
abs   00081000  RamfuncsLoadStart              
abs   00000141  RamfuncsRunEnd                 
abs   00000049  RamfuncsRunSize                
abs   000000f8  RamfuncsRunStart               
1     000007f5  SW_PRESSED_VAL                 
0     0000013d  SysCtl_delay                   
0     000819ac  SysCtl_isPLLValid              
0     00081d49  SysCtl_selectOscSource         
0     00081dca  SysCtl_selectXTAL              
0     00081e72  SysCtl_selectXTALSingleEnded   
0     00081a66  SysCtl_setClock                
0     00081bbc  _GET_SWITCH_VAL                
0     00081f20  __TI_CINIT_Base                
0     00081f28  __TI_CINIT_Limit               
0     00081f28  __TI_CINIT_Warm                
0     00081f1c  __TI_Handler_Table_Base        
0     00081f20  __TI_Handler_Table_Limit       
1     00000600  __TI_STACK_END                 
abs   00000200  __TI_STACK_SIZE                
0     00081d76  __TI_auto_init_nobinit_nopinit 
1     000007fc  __TI_cleanup_ptr               
0     00081d1b  __TI_decompress_lzss           
0     00081eea  __TI_decompress_none           
1     000007fe  __TI_dtors_ptr                 
1     000007fa  __TI_enable_exit_profile_output
abs   ffffffff  __TI_pprof_out_hndl            
abs   ffffffff  __TI_prof_data_size            
abs   ffffffff  __TI_prof_data_start           
n/a   UNDEFED   __c_args__                     
0     000819a5  __error__                      
1     00000400  __stack                        
0     00081ed5  _args_main                     
0     00081ea9  _c_int00                       
1     0000a800  _lock                          
0     00081ee9  _nop                           
0     00081ee5  _register_lock                 
0     00081ee1  _register_unlock               
0     00081f0a  _system_post_cinit             
0     00081f08  _system_pre_init               
1     0000a802  _unlock                        
0     00081da1  abort                          
0     00081b46  adcISR                         
1     000007f4  adcRes                         
0     00080000  code_start                     
1     0000a805  current_State                  
0     0008143c  disablePWMCLKCounting          
0     00081441  enablePWMCLKCounting           
0     00081da3  exit                           
0     00081b19  inverterISR                    
0     000817ff  main                           
1     00000600  mainsVoltage                   
0     00081e55  memcpy                         
1     0000a804  previous_State                 
0     000813c4  setupADC                       
0     00081361  setupDevice                    
0     00081446  setupInverterPWM               


GLOBAL SYMBOLS: SORTED BY Symbol Address 

page  address   name                           
----  -------   ----                           
0     000000f8  Flash_initModule               
0     0000013d  SysCtl_delay                   
0     00080000  code_start                     
0     00081361  setupDevice                    
0     000813c4  setupADC                       
0     0008143c  disablePWMCLKCounting          
0     00081441  enablePWMCLKCounting           
0     00081446  setupInverterPWM               
0     000817ff  main                           
0     0008187a  Device_init                    
0     000818b8  Device_enableAllPeripherals    
0     00081995  Device_initGPIO                
0     000819a5  __error__                      
0     000819ac  SysCtl_isPLLValid              
0     00081a66  SysCtl_setClock                
0     00081b19  inverterISR                    
0     00081b46  adcISR                         
0     00081bbc  _GET_SWITCH_VAL                
0     00081c05  Interrupt_initModule           
0     00081c46  GPIO_setPadConfig              
0     00081c85  Interrupt_enable               
0     00081cb9  ADC_setVREF                    
0     00081ceb  GPIO_setPinConfig              
0     00081d1b  __TI_decompress_lzss           
0     00081d49  SysCtl_selectOscSource         
0     00081d76  __TI_auto_init_nobinit_nopinit 
0     00081da1  C$$EXIT                        
0     00081da1  abort                          
0     00081da3  exit                           
0     00081dca  SysCtl_selectXTAL              
0     00081e14  GPIO_setAnalogMode             
0     00081e35  GPIO_setDirectionMode          
0     00081e55  memcpy                         
0     00081e72  SysCtl_selectXTALSingleEnded   
0     00081e8e  ADC_setOffsetTrimAll           
0     00081ea9  _c_int00                       
0     00081ec0  Interrupt_initVectorTable      
0     00081ed5  _args_main                     
0     00081ee1  _register_unlock               
0     00081ee5  _register_lock                 
0     00081ee9  _nop                           
0     00081eea  __TI_decompress_none           
0     00081efa  CPUTimer_setEmulationMode      
0     00081f08  _system_pre_init               
0     00081f0a  _system_post_cinit             
0     00081f1c  __TI_Handler_Table_Base        
0     00081f20  __TI_CINIT_Base                
0     00081f20  __TI_Handler_Table_Limit       
0     00081f28  __TI_CINIT_Limit               
0     00081f28  __TI_CINIT_Warm                
1     00000400  __stack                        
1     00000600  __TI_STACK_END                 
1     00000600  mainsVoltage                   
1     000007f4  adcRes                         
1     000007f5  SW_PRESSED_VAL                 
1     000007fa  __TI_enable_exit_profile_output
1     000007fc  __TI_cleanup_ptr               
1     000007fe  __TI_dtors_ptr                 
1     0000a800  _lock                          
1     0000a802  _unlock                        
1     0000a804  previous_State                 
1     0000a805  current_State                  
abs   00000049  RamfuncsLoadSize               
abs   00000049  RamfuncsRunSize                
abs   000000f8  RamfuncsRunStart               
abs   00000141  RamfuncsRunEnd                 
abs   00000200  __TI_STACK_SIZE                
abs   00081000  RamfuncsLoadStart              
abs   00081049  RamfuncsLoadEnd                
abs   ffffffff  __TI_pprof_out_hndl            
abs   ffffffff  __TI_prof_data_size            
abs   ffffffff  __TI_prof_data_start           
n/a   UNDEFED   __c_args__                     

[73 symbols]
