******************************************************************************
             TMS320C2000 Linker PC v22.6.0                     
******************************************************************************
>> Linked Fri Dec 30 14:39:02 2022

OUTPUT FILE NAME:   <projectUPS.out>
ENTRY POINT SYMBOL: "code_start"  address: 00080000


MEMORY CONFIGURATION

         name            origin    length      used     unused   attr    fill
----------------------  --------  ---------  --------  --------  ----  --------
PAGE 0:
  RAMM0                 000000f5   0000030b  00000049  000002c2  RWIX
  RAMLS01234            00008000   00002800  00000000  00002800  RWIX
  RAMGS0                0000c000   00002000  00000000  00002000  RWIX
  BEGIN                 00080000   00000002  00000002  00000000  RWIX
  FLASH_BANK0_SEC0      00080002   00000ffe  00000000  00000ffe  RWIX
  FLASH_BANK0_SEC1      00081000   00001000  00000ff2  0000000e  RWIX
  FLASH_BANK0_SEC2      00082000   00001000  00000000  00001000  RWIX
  FLASH_BANK0_SEC3      00083000   00001000  00000000  00001000  RWIX
  FLASH_BANK0_SEC4      00084000   00001000  0000009c  00000f64  RWIX
  FLASH_BANK0_SEC5      00085000   00001000  00000000  00001000  RWIX
  FLASH_BANK0_SEC6      00086000   00001000  00000000  00001000  RWIX
  FLASH_BANK0_SEC7      00087000   00001000  00000000  00001000  RWIX
  FLASH_BANK0_SEC8      00088000   00001000  00000000  00001000  RWIX
  FLASH_BANK0_SEC9      00089000   00001000  00000000  00001000  RWIX
  FLASH_BANK0_SEC10     0008a000   00001000  00000000  00001000  RWIX
  FLASH_BANK0_SEC11     0008b000   00001000  00000000  00001000  RWIX
  FLASH_BANK0_SEC12     0008c000   00001000  00000000  00001000  RWIX
  FLASH_BANK0_SEC13     0008d000   00001000  00000000  00001000  RWIX
  FLASH_BANK0_SEC14     0008e000   00001000  00000000  00001000  RWIX
  FLASH_BANK0_SEC15     0008f000   00001000  00000000  00001000  RWIX
  FLASH_BANK1_SEC0      00090000   00001000  00000000  00001000  RWIX
  FLASH_BANK1_SEC1      00091000   00001000  00000000  00001000  RWIX
  FLASH_BANK1_SEC2      00092000   00001000  00000000  00001000  RWIX
  FLASH_BANK1_SEC3      00093000   00001000  00000000  00001000  RWIX
  FLASH_BANK1_SEC4      00094000   00001000  00000000  00001000  RWIX
  FLASH_BANK1_SEC5      00095000   00001000  00000000  00001000  RWIX
  FLASH_BANK1_SEC6      00096000   00001000  00000000  00001000  RWIX
  FLASH_BANK1_SEC7      00097000   00001000  00000000  00001000  RWIX
  FLASH_BANK1_SEC8      00098000   00001000  00000000  00001000  RWIX
  FLASH_BANK1_SEC9      00099000   00001000  00000000  00001000  RWIX
  FLASH_BANK1_SEC10     0009a000   00001000  00000000  00001000  RWIX
  FLASH_BANK1_SEC11     0009b000   00001000  00000000  00001000  RWIX
  FLASH_BANK1_SEC12     0009c000   00001000  00000000  00001000  RWIX
  FLASH_BANK1_SEC13     0009d000   00001000  00000000  00001000  RWIX
  FLASH_BANK1_SEC14     0009e000   00001000  00000000  00001000  RWIX
  FLASH_BANK1_SEC15     0009f000   00001000  00000000  00001000  RWIX
  RESET                 003fffc0   00000002  00000000  00000002  RWIX

PAGE 1:
  BOOT_RSVD             00000002   000000f3  00000000  000000f3  RWIX
  RAMM1                 00000400   00000400  000003fe  00000002  RWIX
  RAMLS567              0000a800   00001800  000009ee  00000e12  RWIX
  RAMGS1                0000e000   00002000  00000000  00002000  RWIX
  RAMGS2                00010000   00002000  00000000  00002000  RWIX
  RAMGS3                00012000   00002000  00000000  00002000  RWIX


SECTION ALLOCATION MAP

 output                                  attributes/
section   page    origin      length       input sections
--------  ----  ----------  ----------   ----------------
codestart 
*          0    00080000    00000002     
                  00080000    00000002     f28004x_codestartbranch.obj (codestart)

.cinit     0    00081fc8    00000030     
                  00081fc8    0000000f     (.cinit..data.2.load) [load image, compression = lzss]
                  00081fd7    0000000b     (.cinit..data.1.load) [load image, compression = lzss]
                  00081fe2    00000006     (__TI_handler_table)
                  00081fe8    00000004     (.cinit..bss.load) [load image, compression = zero_init]
                  00081fec    0000000c     (__TI_cinit_table)

.init_array 
*          0    00081000    00000000     UNINITIALIZED

.reset     0    003fffc0    00000000     DSECT

.stack     1    00000400    00000200     UNINITIALIZED
                  00000400    00000200     --HOLE--

.bss       1    0000a800    00000006     UNINITIALIZED
                  0000a800    00000006     project_main.obj (.bss)

.const     0    00084000    0000009c     
                  00084000    0000009c     project_main.obj (.const:.string)

.TI.ramfunc 
*          0    00081000    00000049     RUN ADDR = 000000f8
                  00081000    00000045     driverlib_eabi.lib : flash.obj (.TI.ramfunc:Flash_initModule)
                  00081045    00000004                        : sysctl.obj (.TI.ramfunc)

ramfuncs   0    00081049    00000000     UNINITIALIZEDRUN ADDR = 00000141

dclfuncs   0    00081049    00000000     UNINITIALIZEDRUN ADDR = 00000141

.text      0    0008104c    00000f79     
                  0008104c    000004cd     project_functions.obj (.text)
                  00081519    0000033a     project_main.obj (.text)
                  00081853    00000182     device.obj (.text)
                  000819d5    00000147     project_main.obj (.text:retain)
                  00081b1c    000000ba     driverlib_eabi.lib : sysctl.obj (.text:SysCtl_isPLLValid)
                  00081bd6    000000b3                        : sysctl.obj (.text:SysCtl_setClock)
                  00081c89    00000041                        : interrupt.obj (.text:Interrupt_initModule)
                  00081cca    0000003f                        : gpio.obj (.text:GPIO_setPadConfig)
                  00081d09    00000034                        : interrupt.obj (.text:Interrupt_enable)
                  00081d3d    00000032                        : adc.obj (.text:ADC_setVREF)
                  00081d6f    00000030                        : gpio.obj (.text:GPIO_setPinConfig)
                  00081d9f    0000002e     rts2800_fpu32_eabi.lib : copy_decompress_lzss.c.obj (.text:decompress:lzss)
                  00081dcd    0000002d     driverlib_eabi.lib : sysctl.obj (.text:SysCtl_selectOscSource)
                  00081dfa    0000002b     rts2800_fpu32_eabi.lib : autoinit.c.obj (.text:__TI_auto_init_nobinit_nopinit)
                  00081e25    00000029                            : exit.c.obj (.text)
                  00081e4e    00000028     driverlib_eabi.lib : sysctl.obj (.text:SysCtl_selectXTAL)
                  00081e76    00000022                        : sysctl.obj (.text:SysCtl_pollX1Counter)
                  00081e98    00000021                        : gpio.obj (.text:GPIO_setAnalogMode)
                  00081eb9    00000020                        : gpio.obj (.text:GPIO_setDirectionMode)
                  00081ed9    0000001e     rts2800_fpu32_eabi.lib : ll_cmp28.asm.obj (.text)
                  00081ef7    0000001d                            : memcpy.c.obj (.text)
                  00081f14    0000001c     driverlib_eabi.lib : sysctl.obj (.text:SysCtl_selectXTALSingleEnded)
                  00081f30    0000001b                        : adc.obj (.text:ADC_setOffsetTrimAll)
                  00081f4b    00000017     rts2800_fpu32_eabi.lib : boot28.asm.obj (.text)
                  00081f62    00000015     driverlib_eabi.lib : interrupt.obj (.text:Interrupt_initVectorTable)
                  00081f77    0000000d     rts2800_fpu32_eabi.lib : copy_zero_init.c.obj (.text:decompress:ZI:__TI_zero_init_nomemset)
                  00081f84    0000000c                            : args_main.c.obj (.text)
                  00081f90    0000000b     project_functions.obj (.text:__relaxed_sinf)
                  00081f9b    00000009     rts2800_fpu32_eabi.lib : _lock.c.obj (.text)
                  00081fa4    00000008                            : copy_decompress_none.c.obj (.text:decompress:none)
                  00081fac    00000008     f28004x_codestartbranch.obj (.text)
                  00081fb4    00000006     driverlib_eabi.lib : cputimer.obj (.text:CPUTimer_setEmulationMode)
                  00081fba    00000004                        : interrupt.obj (.text:Interrupt_defaultHandler)
                  00081fbe    00000002                        : interrupt.obj (.text:Interrupt_illegalOperationHandler)
                  00081fc0    00000002                        : interrupt.obj (.text:Interrupt_nmiHandler)
                  00081fc2    00000002     rts2800_fpu32_eabi.lib : pre_init.c.obj (.text)
                  00081fc4    00000001                            : startup.c.obj (.text)

.data.1    1    00000600    000001fe     UNINITIALIZED
                  00000600    000001f4     project_main.obj (.data:controlVoltage)
                  000007f4    00000006     rts2800_fpu32_eabi.lib : exit.c.obj (.data)
                  000007fa    00000002                            : _lock.c.obj (.data:_lock)
                  000007fc    00000002                            : _lock.c.obj (.data:_unlock)

.data.2    1    0000a806    000009e8     UNINITIALIZED
                  0000a806    000003e8     project_main.obj (.data:pureControlVoltage)
                  0000abee    000001f4     project_main.obj (.data:errorVoltage)
                  0000ade2    000001f4     project_main.obj (.data:genVoltage)
                  0000afd6    000001f4     project_main.obj (.data:mainsVoltage)
                  0000b1ca    00000024     project_main.obj (.data)

MODULE SUMMARY

       Module                        code   ro data   rw data
       ------                        ----   -------   -------
    .\
       project_main.obj              1153   156       3042   
       project_functions.obj         1240   0         0      
    +--+-----------------------------+------+---------+---------+
       Total:                        2393   156       3042   
                                                             
    .\device\
       device.obj                    386    0         0      
       f28004x_codestartbranch.obj   10     0         0      
    +--+-----------------------------+------+---------+---------+
       Total:                        396    0         0      
                                                             
    D:/SOFTWARES/TI/ccs/tools/compiler/ti-cgt-c2000_22.6.0.LTS/lib/rts2800_fpu32_eabi.lib
       exit.c.obj                    41     0         6      
       copy_decompress_lzss.c.obj    46     0         0      
       autoinit.c.obj                43     0         0      
       ll_cmp28.asm.obj              30     0         0      
       memcpy.c.obj                  29     0         0      
       boot28.asm.obj                23     0         0      
       _lock.c.obj                   9      0         4      
       copy_zero_init.c.obj          13     0         0      
       args_main.c.obj               12     0         0      
       copy_decompress_none.c.obj    8      0         0      
       pre_init.c.obj                2      0         0      
       startup.c.obj                 1      0         0      
    +--+-----------------------------+------+---------+---------+
       Total:                        257    0         10     
                                                             
    D:\WORKSPACE\TI2\projectUPS\device\driverlib\driverlib_eabi.lib
       sysctl.obj                    520    0         0      
       gpio.obj                      176    0         0      
       interrupt.obj                 146    0         0      
       flash.obj                     138    0         0      
       adc.obj                       77     0         0      
       cputimer.obj                  6      0         0      
    +--+-----------------------------+------+---------+---------+
       Total:                        1063   0         0      
                                                             
       Stack:                        0      0         512    
       Linker Generated:             0      48        0      
    +--+-----------------------------+------+---------+---------+
       Grand Total:                  4109   204       3564   


LINKER GENERATED COPY TABLES

__TI_cinit_table @ 00081fec records: 3, size/record: 4, table size: 12
	.data.2: load addr=00081fc8, load size=0000000f bytes, run addr=0000a806, run size=000009e8 bytes, compression=lzss
	.data.1: load addr=00081fd7, load size=0000000b bytes, run addr=00000600, run size=000001fe bytes, compression=lzss
	.bss: load addr=00081fe8, load size=00000004 bytes, run addr=0000a800, run size=00000006 bytes, compression=zero_init


LINKER GENERATED HANDLER TABLE

__TI_handler_table @ 00081fe2 records: 3, size/record: 2, table size: 6
	index: 0, handler: __TI_decompress_lzss
	index: 1, handler: __TI_decompress_none
	index: 2, handler: __TI_zero_init


GLOBAL DATA SYMBOLS: SORTED BY DATA PAGE

address     data page           name
--------    ----------------    ----
00000400      10 (00000400)     __stack

00000600      18 (00000600)     controlVoltage

000007f4      1f (000007c0)     __TI_enable_exit_profile_output
000007f6      1f (000007c0)     __TI_cleanup_ptr
000007f8      1f (000007c0)     __TI_dtors_ptr
000007fa      1f (000007c0)     _lock
000007fc      1f (000007c0)     _unlock

0000a800     2a0 (0000a800)     rgen1
0000a806     2a0 (0000a800)     pureControlVoltage

0000abee     2af (0000abc0)     errorVoltage

0000ade2     2b7 (0000adc0)     genVoltage

0000afd6     2bf (0000afc0)     mainsVoltage

0000b1ce     2c7 (0000b1c0)     invSine
0000b1d0     2c7 (0000b1c0)     invModIndex
0000b1d2     2c7 (0000b1c0)     invDutyPU
0000b1d4     2c7 (0000b1c0)     refSig
0000b1d6     2c7 (0000b1c0)     adcRes
0000b1d8     2c7 (0000b1c0)     prev_feedbackVolt
0000b1da     2c7 (0000b1c0)     prev_controlOUT
0000b1dc     2c7 (0000b1c0)     err
0000b1de     2c7 (0000b1c0)     prev_err
0000b1e0     2c7 (0000b1c0)     integral
0000b1e2     2c7 (0000b1c0)     controlOUT
0000b1e4     2c7 (0000b1c0)     feedbackVolt
0000b1e6     2c7 (0000b1c0)     A1
0000b1e8     2c7 (0000b1c0)     A0


GLOBAL SYMBOLS: SORTED ALPHABETICALLY BY Name 

page  address   name                           
----  -------   ----                           
1     0000b1e8  A0                             
1     0000b1e6  A1                             
0     00081f30  ADC_setOffsetTrimAll           
0     00081d3d  ADC_setVREF                    
0     00081e25  C$$EXIT                        
0     00081fb4  CPUTimer_setEmulationMode      
0     000818e1  Device_enableAllPeripherals    
0     000818a3  Device_init                    
0     000819be  Device_initGPIO                
0     000000f8  Flash_initModule               
0     00081e98  GPIO_setAnalogMode             
0     00081eb9  GPIO_setDirectionMode          
0     00081cca  GPIO_setPadConfig              
0     00081d6f  GPIO_setPinConfig              
0     00081d09  Interrupt_enable               
0     00081c89  Interrupt_initModule           
0     00081f62  Interrupt_initVectorTable      
abs   00081049  RamfuncsLoadEnd                
abs   00000049  RamfuncsLoadSize               
abs   00081000  RamfuncsLoadStart              
abs   00000141  RamfuncsRunEnd                 
abs   00000049  RamfuncsRunSize                
abs   000000f8  RamfuncsRunStart               
0     0000013d  SysCtl_delay                   
0     00081b1c  SysCtl_isPLLValid              
0     00081dcd  SysCtl_selectOscSource         
0     00081e4e  SysCtl_selectXTAL              
0     00081f14  SysCtl_selectXTALSingleEnded   
0     00081bd6  SysCtl_setClock                
0     00081fec  __TI_CINIT_Base                
0     00081ff8  __TI_CINIT_Limit               
0     00081ff8  __TI_CINIT_Warm                
0     00081fe2  __TI_Handler_Table_Base        
0     00081fe8  __TI_Handler_Table_Limit       
1     00000600  __TI_STACK_END                 
abs   00000200  __TI_STACK_SIZE                
0     00081dfa  __TI_auto_init_nobinit_nopinit 
1     000007f6  __TI_cleanup_ptr               
0     00081d9f  __TI_decompress_lzss           
0     00081fa4  __TI_decompress_none           
1     000007f8  __TI_dtors_ptr                 
1     000007f4  __TI_enable_exit_profile_output
abs   ffffffff  __TI_pprof_out_hndl            
abs   ffffffff  __TI_prof_data_size            
abs   ffffffff  __TI_prof_data_start           
0     00081f77  __TI_zero_init_nomemset        
0     00081ed9  __c28xabi_cmpll                
0     00081eeb  __c28xabi_cmpull               
n/a   UNDEFED   __c_args__                     
0     000819ce  __error__                      
0     00081f90  __relaxed_sinf                 
1     00000400  __stack                        
0     00081f84  _args_main                     
0     00081f4b  _c_int00                       
1     000007fa  _lock                          
0     00081fa3  _nop                           
0     00081f9f  _register_lock                 
0     00081f9b  _register_unlock               
0     00081fc4  _system_post_cinit             
0     00081fc2  _system_pre_init               
1     000007fc  _unlock                        
0     00081e25  abort                          
0     00081a16  adcISR                         
1     0000b1d6  adcRes                         
0     00080000  code_start                     
1     0000b1e2  controlOUT                     
1     00000600  controlVoltage                 
0     0008140b  disablePWMCLKCounting          
0     00081410  enablePWMCLKCounting           
1     0000b1dc  err                            
1     0000abee  errorVoltage                   
0     00081e27  exit                           
1     0000b1e4  feedbackVolt                   
1     0000ade2  genVoltage                     
1     0000b1e0  integral                       
1     0000b1d2  invDutyPU                      
1     0000b1d0  invModIndex                    
1     0000b1ce  invSine                        
0     000819d5  inverterISR                    
0     00081819  main                           
1     0000afd6  mainsVoltage                   
0     00081ef7  memcpy                         
1     0000b1da  prev_controlOUT                
1     0000b1de  prev_err                       
1     0000b1d8  prev_feedbackVolt              
1     0000a806  pureControlVoltage             
1     0000b1d4  refSig                         
1     0000a800  rgen1                          
0     000813bc  setupADC                       
0     00081359  setupDevice                    
0     00081415  setupInverterPWM               


GLOBAL SYMBOLS: SORTED BY Symbol Address 

page  address   name                           
----  -------   ----                           
0     000000f8  Flash_initModule               
0     0000013d  SysCtl_delay                   
0     00080000  code_start                     
0     00081359  setupDevice                    
0     000813bc  setupADC                       
0     0008140b  disablePWMCLKCounting          
0     00081410  enablePWMCLKCounting           
0     00081415  setupInverterPWM               
0     00081819  main                           
0     000818a3  Device_init                    
0     000818e1  Device_enableAllPeripherals    
0     000819be  Device_initGPIO                
0     000819ce  __error__                      
0     000819d5  inverterISR                    
0     00081a16  adcISR                         
0     00081b1c  SysCtl_isPLLValid              
0     00081bd6  SysCtl_setClock                
0     00081c89  Interrupt_initModule           
0     00081cca  GPIO_setPadConfig              
0     00081d09  Interrupt_enable               
0     00081d3d  ADC_setVREF                    
0     00081d6f  GPIO_setPinConfig              
0     00081d9f  __TI_decompress_lzss           
0     00081dcd  SysCtl_selectOscSource         
0     00081dfa  __TI_auto_init_nobinit_nopinit 
0     00081e25  C$$EXIT                        
0     00081e25  abort                          
0     00081e27  exit                           
0     00081e4e  SysCtl_selectXTAL              
0     00081e98  GPIO_setAnalogMode             
0     00081eb9  GPIO_setDirectionMode          
0     00081ed9  __c28xabi_cmpll                
0     00081eeb  __c28xabi_cmpull               
0     00081ef7  memcpy                         
0     00081f14  SysCtl_selectXTALSingleEnded   
0     00081f30  ADC_setOffsetTrimAll           
0     00081f4b  _c_int00                       
0     00081f62  Interrupt_initVectorTable      
0     00081f77  __TI_zero_init_nomemset        
0     00081f84  _args_main                     
0     00081f90  __relaxed_sinf                 
0     00081f9b  _register_unlock               
0     00081f9f  _register_lock                 
0     00081fa3  _nop                           
0     00081fa4  __TI_decompress_none           
0     00081fb4  CPUTimer_setEmulationMode      
0     00081fc2  _system_pre_init               
0     00081fc4  _system_post_cinit             
0     00081fe2  __TI_Handler_Table_Base        
0     00081fe8  __TI_Handler_Table_Limit       
0     00081fec  __TI_CINIT_Base                
0     00081ff8  __TI_CINIT_Limit               
0     00081ff8  __TI_CINIT_Warm                
1     00000400  __stack                        
1     00000600  __TI_STACK_END                 
1     00000600  controlVoltage                 
1     000007f4  __TI_enable_exit_profile_output
1     000007f6  __TI_cleanup_ptr               
1     000007f8  __TI_dtors_ptr                 
1     000007fa  _lock                          
1     000007fc  _unlock                        
1     0000a800  rgen1                          
1     0000a806  pureControlVoltage             
1     0000abee  errorVoltage                   
1     0000ade2  genVoltage                     
1     0000afd6  mainsVoltage                   
1     0000b1ce  invSine                        
1     0000b1d0  invModIndex                    
1     0000b1d2  invDutyPU                      
1     0000b1d4  refSig                         
1     0000b1d6  adcRes                         
1     0000b1d8  prev_feedbackVolt              
1     0000b1da  prev_controlOUT                
1     0000b1dc  err                            
1     0000b1de  prev_err                       
1     0000b1e0  integral                       
1     0000b1e2  controlOUT                     
1     0000b1e4  feedbackVolt                   
1     0000b1e6  A1                             
1     0000b1e8  A0                             
abs   00000049  RamfuncsLoadSize               
abs   00000049  RamfuncsRunSize                
abs   000000f8  RamfuncsRunStart               
abs   00000141  RamfuncsRunEnd                 
abs   00000200  __TI_STACK_SIZE                
abs   00081000  RamfuncsLoadStart              
abs   00081049  RamfuncsLoadEnd                
abs   ffffffff  __TI_pprof_out_hndl            
abs   ffffffff  __TI_prof_data_size            
abs   ffffffff  __TI_prof_data_start           
n/a   UNDEFED   __c_args__                     

[91 symbols]
